==== DC tech=smic28 corner=tt_025C_1v80 design=mac_bf16 (compile_ultra) ====
Information: Updating design information... (UID-85)
 
****************************************
Report : timing
        -path full
        -delay max
        -max_paths 10
        -sort_by slack
Design : mac_bf16
Version: O-2018.06-SP1
Date   : Tue Aug 18 13:49:48 2026
****************************************

Operating Conditions: tt_v0p9_25c   Library: scc28nhkcp_hdc30p140_rvt_tt_v0p9_25c_basic
Wire Load Model Mode: top

  Startpoint: u_mul/ma0_reg[17]
              (rising edge-triggered flip-flop clocked by clk)
  Endpoint: u_mul/prod_hi_reg[24]
            (rising edge-triggered flip-flop clocked by clk)
  Path Group: clk
  Path Type: max

  Point                                                   Incr       Path
  --------------------------------------------------------------------------
  clock clk (rise edge)                                   0.00       0.00
  clock network delay (ideal)                             0.00       0.00
  u_mul/ma0_reg[17]/CK (DQV4_140P7T30R)                   0.00       0.00 r
  u_mul/ma0_reg[17]/Q (DQV4_140P7T30R)                    0.07       0.07 f
  U1047/ZN (XNOR2V2_140P7T30R)                            0.05       0.12 f
  U965/ZN (NAND2XBV4_140P7T30R)                           0.06       0.18 f
  U1387/ZN (OAI12V2_140P7T30R)                            0.03       0.22 r
  U1388/Z (XOR2V2_140P7T30R)                              0.03       0.24 r
  U1551/CO (ADH1V2_140P7T30R)                             0.03       0.28 r
  U1533/CO (ADH1V2_140P7T30R)                             0.03       0.30 r
  U1507/CO (ADH1V2_140P7T30R)                             0.03       0.33 r
  U1588/S (AD1V2_140P7T30R)                               0.05       0.39 f
  U1587/S (AD1V2_140P7T30R)                               0.06       0.44 r
  U1617/S (AD1V2_140P7T30R)                               0.05       0.49 f
  U1573/Z (OR2V2_140P7T30R)                               0.02       0.51 f
  U1222/ZN (AOI12V2_140P7T30R)                            0.01       0.52 r
  U1878/ZN (OAI12V2_140P7T30R)                            0.01       0.53 f
  U1879/ZN (AOI12V4_140P7T30R)                            0.02       0.55 r
  U1917/ZN (OAI12V4_140P7T30R)                            0.01       0.57 f
  U1951/ZN (AOI12V4_140P7T30R)                            0.02       0.58 r
  U1983/ZN (OAI12V4_140P7T30R)                            0.01       0.60 f
  U2015/ZN (AOI12V6_140P7T30R)                            0.01       0.61 r
  U1017/ZN (OAI12V4_140P7T30R)                            0.01       0.63 f
  U2074/ZN (AOI12V4_140P7T30R)                            0.01       0.64 r
  U1242/ZN (OAI12V2_140P7T30R)                            0.02       0.66 f
  U2128/ZN (AOI12V4_140P7T30R)                            0.02       0.67 r
  U1015/ZN (OAI12V4_140P7T30R)                            0.01       0.69 f
  U1122/ZN (AOI12V2_140P7T30R)                            0.02       0.71 r
  U1074/ZN (OAI12V4_140P7T30R)                            0.02       0.73 f
  U1046/ZN (AOI12V8_140P7T30R)                            0.01       0.74 r
  U1013/ZN (OAI12V6_140P7T30R)                            0.01       0.75 f
  U1241/ZN (AOI12V2_140P7T30R)                            0.02       0.77 r
  U1121/ZN (OAI12V4_140P7T30R)                            0.01       0.79 f
  U1120/ZN (AOI12V2_140P7T30R)                            0.02       0.80 r
  U1073/ZN (OAI12V2_140P7T30R)                            0.02       0.82 f
  U1043/ZN (AOI12V4_140P7T30R)                            0.02       0.84 r
  U1042/ZN (OAI12V4_140P7T30R)                            0.02       0.86 f
  U2331/ZN (AOI12V8_140P7T30R)                            0.01       0.87 r
  U1011/ZN (OAI12V6_140P7T30R)                            0.01       0.88 f
  U1240/ZN (AOI12V2_140P7T30R)                            0.02       0.90 r
  U1239/ZN (OAI12V2_140P7T30R)                            0.02       0.92 f
  U3394/CO (AD1V2_140P7T30R)                              0.03       0.95 f
  U2355/Z (XOR2V2_140P7T30R)                              0.02       0.97 f
  U1252/Z (AND2V2_140P7T30R)                              0.02       0.99 f
  u_mul/prod_hi_reg[24]/D (DQV2_140P7T30R)                0.00       0.99 f
  data arrival time                                                  0.99

  clock clk (rise edge)                                   1.00       1.00
  clock network delay (ideal)                             0.00       1.00
  u_mul/prod_hi_reg[24]/CK (DQV2_140P7T30R)               0.00       1.00 r
  library setup time                                     -0.01       0.99
  data required time                                                 0.99
  --------------------------------------------------------------------------
  data required time                                                 0.99
  data arrival time                                                 -0.99
  --------------------------------------------------------------------------
  slack (MET)                                                        0.00


  Startpoint: u_mul/ma0_reg[17]
              (rising edge-triggered flip-flop clocked by clk)
  Endpoint: u_mul/prod_hi_reg[23]
            (rising edge-triggered flip-flop clocked by clk)
  Path Group: clk
  Path Type: max

  Point                                                   Incr       Path
  --------------------------------------------------------------------------
  clock clk (rise edge)                                   0.00       0.00
  clock network delay (ideal)                             0.00       0.00
  u_mul/ma0_reg[17]/CK (DQV4_140P7T30R)                   0.00       0.00 r
  u_mul/ma0_reg[17]/Q (DQV4_140P7T30R)                    0.07       0.07 f
  U1047/ZN (XNOR2V2_140P7T30R)                            0.05       0.12 f
  U965/ZN (NAND2XBV4_140P7T30R)                           0.06       0.18 f
  U1387/ZN (OAI12V2_140P7T30R)                            0.03       0.22 r
  U1388/Z (XOR2V2_140P7T30R)                              0.03       0.24 r
  U1551/CO (ADH1V2_140P7T30R)                             0.03       0.28 r
  U1533/CO (ADH1V2_140P7T30R)                             0.03       0.30 r
  U1507/CO (ADH1V2_140P7T30R)                             0.03       0.33 r
  U1588/S (AD1V2_140P7T30R)                               0.05       0.39 f
  U1587/S (AD1V2_140P7T30R)                               0.06       0.44 r
  U1617/S (AD1V2_140P7T30R)                               0.05       0.49 f
  U1573/Z (OR2V2_140P7T30R)                               0.02       0.51 f
  U1222/ZN (AOI12V2_140P7T30R)                            0.01       0.52 r
  U1878/ZN (OAI12V2_140P7T30R)                            0.01       0.53 f
  U1879/ZN (AOI12V4_140P7T30R)                            0.02       0.55 r
  U1917/ZN (OAI12V4_140P7T30R)                            0.01       0.57 f
  U1951/ZN (AOI12V4_140P7T30R)                            0.02       0.58 r
  U1983/ZN (OAI12V4_140P7T30R)                            0.01       0.60 f
  U2015/ZN (AOI12V6_140P7T30R)                            0.01       0.61 r
  U1017/ZN (OAI12V4_140P7T30R)                            0.01       0.63 f
  U2074/ZN (AOI12V4_140P7T30R)                            0.01       0.64 r
  U1242/ZN (OAI12V2_140P7T30R)                            0.02       0.66 f
  U2128/ZN (AOI12V4_140P7T30R)                            0.02       0.67 r
  U1015/ZN (OAI12V4_140P7T30R)                            0.01       0.69 f
  U1122/ZN (AOI12V2_140P7T30R)                            0.02       0.71 r
  U1074/ZN (OAI12V4_140P7T30R)                            0.02       0.73 f
  U1046/ZN (AOI12V8_140P7T30R)                            0.01       0.74 r
  U1013/ZN (OAI12V6_140P7T30R)                            0.01       0.75 f
  U1241/ZN (AOI12V2_140P7T30R)                            0.02       0.77 r
  U1121/ZN (OAI12V4_140P7T30R)                            0.01       0.79 f
  U1120/ZN (AOI12V2_140P7T30R)                            0.02       0.80 r
  U1073/ZN (OAI12V2_140P7T30R)                            0.02       0.82 f
  U1043/ZN (AOI12V4_140P7T30R)                            0.02       0.84 r
  U1042/ZN (OAI12V4_140P7T30R)                            0.02       0.86 f
  U2331/ZN (AOI12V8_140P7T30R)                            0.01       0.87 r
  U1011/ZN (OAI12V6_140P7T30R)                            0.01       0.88 f
  U1240/ZN (AOI12V2_140P7T30R)                            0.02       0.90 r
  U1239/ZN (OAI12V2_140P7T30R)                            0.02       0.92 f
  U3394/S (AD1V2_140P7T30R)                               0.05       0.96 r
  U3395/Z (AND2V2_140P7T30R)                              0.02       0.98 r
  u_mul/prod_hi_reg[23]/D (DQV2_140P7T30R)                0.00       0.98 r
  data arrival time                                                  0.98

  clock clk (rise edge)                                   1.00       1.00
  clock network delay (ideal)                             0.00       1.00
  u_mul/prod_hi_reg[23]/CK (DQV2_140P7T30R)               0.00       1.00 r
  library setup time                                     -0.02       0.98
  data required time                                                 0.98
  --------------------------------------------------------------------------
  data required time                                                 0.98
  data arrival time                                                 -0.98
  --------------------------------------------------------------------------
  slack (MET)                                                        0.00


  Startpoint: u_add/bigm0_reg[15]
              (rising edge-triggered flip-flop clocked by clk)
  Endpoint: u_add/y_reg[19]
            (rising edge-triggered flip-flop clocked by clk)
  Path Group: clk
  Path Type: max

  Point                                                   Incr       Path
  --------------------------------------------------------------------------
  clock clk (rise edge)                                   0.00       0.00
  clock network delay (ideal)                             0.00       0.00
  u_add/bigm0_reg[15]/CK (DQV2_140P7T30R)                 0.00       0.00 r
  u_add/bigm0_reg[15]/Q (DQV2_140P7T30R)                  0.04       0.04 f
  U1037/ZN (NOR2V2_140P7T30R)                             0.02       0.06 r
  U2403/ZN (OAI12V2_140P7T30R)                            0.01       0.07 f
  U2404/ZN (AOI12V2_140P7T30R)                            0.02       0.09 r
  U2405/ZN (OAI12V2_140P7T30R)                            0.02       0.10 f
  U2406/ZN (AOI12V4_140P7T30R)                            0.02       0.12 r
  U953/ZN (OAI12V4_140P7T30R)                             0.02       0.14 f
  U1030/ZN (NOR2V12_140P7T30R)                            0.02       0.15 r
  U1049/ZN (INV16_140P7T30R)                              0.01       0.17 f
  U983/ZN (INV2_140P7T30R)                                0.02       0.19 r
  U1048/ZN (INV2_140P7T30R)                               0.02       0.21 f
  U2443/Z (AO22V2_140P7T30R)                              0.02       0.23 f
  U2444/ZN (NOR2V2_140P7T30R)                             0.02       0.25 r
  U2454/ZN (OAI12V2_140P7T30R)                            0.01       0.26 f
  U1097/ZN (AOI12V2_140P7T30R)                            0.02       0.28 r
  U1019/ZN (OAI12V2_140P7T30R)                            0.02       0.30 f
  U1225/ZN (AOI12V2_140P7T30R)                            0.02       0.32 r
  U2488/ZN (OAI12V4_140P7T30R)                            0.02       0.34 f
  U1018/ZN (AOI12V4_140P7T30R)                            0.01       0.35 r
  U1224/ZN (OAI12V2_140P7T30R)                            0.02       0.37 f
  U1058/ZN (AOI12V2_140P7T30R)                            0.02       0.39 r
  U1223/ZN (OAI12V2_140P7T30R)                            0.02       0.40 f
  U1094/ZN (AOI12V2_140P7T30R)                            0.02       0.43 r
  U2538/ZN (OAI12V4_140P7T30R)                            0.02       0.44 f
  U1016/ZN (AOI12V4_140P7T30R)                            0.02       0.46 r
  U1106/ZN (OAI12V4_140P7T30R)                            0.01       0.47 f
  U1002/ZN (AOI12V4_140P7T30R)                            0.02       0.49 r
  U1001/ZN (OAI12V4_140P7T30R)                            0.01       0.50 f
  U2575/ZN (AOI12V4_140P7T30R)                            0.02       0.52 r
  U2581/ZN (OAI12V4_140P7T30R)                            0.01       0.53 f
  U1105/ZN (AOI12V4_140P7T30R)                            0.02       0.55 r
  U1014/ZN (OAI12V4_140P7T30R)                            0.01       0.56 f
  U2599/ZN (XNOR2V4_140P7T30R)                            0.03       0.59 f
  U2603/Z (OR2V6_140P7T30R)                               0.02       0.61 f
  U2610/ZN (NOR2V8_140P7T30R)                             0.01       0.62 r
  U2625/ZN (NAND2V6_140P7T30R)                            0.01       0.63 f
  U1055/ZN (OAI12V2_140P7T30R)                            0.02       0.65 r
  U1104/ZN (AOI12V2_140P7T30R)                            0.01       0.66 f
  U1226/ZN (OAI12V2_140P7T30R)                            0.02       0.68 r
  U2709/ZN (NAND2V2_140P7T30R)                            0.01       0.69 f
  U1053/Z (XOR2V2_140P7T30R)                              0.03       0.71 f
  U1102/ZN (INV2_140P7T30R)                               0.01       0.73 r
  U1101/ZN (OAI12V2_140P7T30R)                            0.01       0.74 f
  U1051/ZN (AOI12V4_140P7T30R)                            0.02       0.76 r
  U996/ZN (OAI12V4_140P7T30R)                             0.02       0.77 f
  U995/ZN (AOI12V6_140P7T30R)                             0.02       0.79 r
  U994/ZN (OAI12V6_140P7T30R)                             0.01       0.80 f
  U993/ZN (AOI12V4_140P7T30R)                             0.01       0.81 r
  U1184/ZN (XNOR2V2_140P7T30R)                            0.02       0.84 r
  U992/ZN (NOR2V2_140P7T30R)                              0.01       0.85 f
  U991/ZN (NAND3V4_140P7T30R)                             0.01       0.86 r
  U990/ZN (NAND2XBV8_140P7T30R)                           0.02       0.87 f
  U2737/ZN (INV4_140P7T30R)                               0.01       0.88 r
  U973/ZN (CLKNAND2V4_140P7T30R)                          0.03       0.91 f
  U985/ZN (INV4_140P7T30R)                                0.02       0.93 r
  U3612/Z (AO1B2V2_140P7T30R)                             0.02       0.95 r
  U3613/ZN (AOI12V2_140P7T30R)                            0.01       0.96 f
  U3614/ZN (OAI112V2_140P7T30R)                           0.02       0.98 r
  u_add/y_reg[19]/D (DQV2_140P7T30R)                      0.00       0.98 r
  data arrival time                                                  0.98

  clock clk (rise edge)                                   1.00       1.00
  clock network delay (ideal)                             0.00       1.00
  u_add/y_reg[19]/CK (DQV2_140P7T30R)                     0.00       1.00 r
  library setup time                                     -0.02       0.98
  data required time                                                 0.98
  --------------------------------------------------------------------------
  data required time                                                 0.98
  data arrival time                                                 -0.98
  --------------------------------------------------------------------------
  slack (MET)                                                        0.00


  Startpoint: u_add/bigm0_reg[15]
              (rising edge-triggered flip-flop clocked by clk)
  Endpoint: u_add/y_reg[21]
            (rising edge-triggered flip-flop clocked by clk)
  Path Group: clk
  Path Type: max

  Point                                                   Incr       Path
  --------------------------------------------------------------------------
  clock clk (rise edge)                                   0.00       0.00
  clock network delay (ideal)                             0.00       0.00
  u_add/bigm0_reg[15]/CK (DQV2_140P7T30R)                 0.00       0.00 r
  u_add/bigm0_reg[15]/Q (DQV2_140P7T30R)                  0.04       0.04 f
  U1037/ZN (NOR2V2_140P7T30R)                             0.02       0.06 r
  U2403/ZN (OAI12V2_140P7T30R)                            0.01       0.07 f
  U2404/ZN (AOI12V2_140P7T30R)                            0.02       0.09 r
  U2405/ZN (OAI12V2_140P7T30R)                            0.02       0.10 f
  U2406/ZN (AOI12V4_140P7T30R)                            0.02       0.12 r
  U953/ZN (OAI12V4_140P7T30R)                             0.02       0.14 f
  U1030/ZN (NOR2V12_140P7T30R)                            0.02       0.15 r
  U1049/ZN (INV16_140P7T30R)                              0.01       0.17 f
  U983/ZN (INV2_140P7T30R)                                0.02       0.19 r
  U1048/ZN (INV2_140P7T30R)                               0.02       0.21 f
  U2443/Z (AO22V2_140P7T30R)                              0.02       0.23 f
  U2444/ZN (NOR2V2_140P7T30R)                             0.02       0.25 r
  U2454/ZN (OAI12V2_140P7T30R)                            0.01       0.26 f
  U1097/ZN (AOI12V2_140P7T30R)                            0.02       0.28 r
  U1019/ZN (OAI12V2_140P7T30R)                            0.02       0.30 f
  U1225/ZN (AOI12V2_140P7T30R)                            0.02       0.32 r
  U2488/ZN (OAI12V4_140P7T30R)                            0.02       0.34 f
  U1018/ZN (AOI12V4_140P7T30R)                            0.01       0.35 r
  U1224/ZN (OAI12V2_140P7T30R)                            0.02       0.37 f
  U1058/ZN (AOI12V2_140P7T30R)                            0.02       0.39 r
  U1223/ZN (OAI12V2_140P7T30R)                            0.02       0.40 f
  U1094/ZN (AOI12V2_140P7T30R)                            0.02       0.43 r
  U2538/ZN (OAI12V4_140P7T30R)                            0.02       0.44 f
  U1016/ZN (AOI12V4_140P7T30R)                            0.02       0.46 r
  U1106/ZN (OAI12V4_140P7T30R)                            0.01       0.47 f
  U1002/ZN (AOI12V4_140P7T30R)                            0.02       0.49 r
  U1001/ZN (OAI12V4_140P7T30R)                            0.01       0.50 f
  U2575/ZN (AOI12V4_140P7T30R)                            0.02       0.52 r
  U2581/ZN (OAI12V4_140P7T30R)                            0.01       0.53 f
  U1105/ZN (AOI12V4_140P7T30R)                            0.02       0.55 r
  U1014/ZN (OAI12V4_140P7T30R)                            0.01       0.56 f
  U2599/ZN (XNOR2V4_140P7T30R)                            0.03       0.59 f
  U2603/Z (OR2V6_140P7T30R)                               0.02       0.61 f
  U2610/ZN (NOR2V8_140P7T30R)                             0.01       0.62 r
  U2625/ZN (NAND2V6_140P7T30R)                            0.01       0.63 f
  U1055/ZN (OAI12V2_140P7T30R)                            0.02       0.65 r
  U1104/ZN (AOI12V2_140P7T30R)                            0.01       0.66 f
  U1226/ZN (OAI12V2_140P7T30R)                            0.02       0.68 r
  U2709/ZN (NAND2V2_140P7T30R)                            0.01       0.69 f
  U1053/Z (XOR2V2_140P7T30R)                              0.03       0.71 f
  U1102/ZN (INV2_140P7T30R)                               0.01       0.73 r
  U1101/ZN (OAI12V2_140P7T30R)                            0.01       0.74 f
  U1051/ZN (AOI12V4_140P7T30R)                            0.02       0.76 r
  U996/ZN (OAI12V4_140P7T30R)                             0.02       0.77 f
  U995/ZN (AOI12V6_140P7T30R)                             0.02       0.79 r
  U994/ZN (OAI12V6_140P7T30R)                             0.01       0.80 f
  U993/ZN (AOI12V4_140P7T30R)                             0.01       0.81 r
  U1184/ZN (XNOR2V2_140P7T30R)                            0.02       0.84 r
  U992/ZN (NOR2V2_140P7T30R)                              0.01       0.85 f
  U991/ZN (NAND3V4_140P7T30R)                             0.01       0.86 r
  U990/ZN (NAND2XBV8_140P7T30R)                           0.02       0.87 f
  U988/ZN (NOR2XBV8_140P7T30R)                            0.01       0.89 r
  U987/ZN (NAND2XBV8_140P7T30R)                           0.01       0.90 f
  U986/ZN (NOR2V8_140P7T30R)                              0.01       0.91 r
  U984/ZN (NAND2V6_140P7T30R)                             0.01       0.93 f
  U1232/ZN (AOI112V2_140P7T30R)                           0.03       0.96 r
  U3624/ZN (AOI12V2_140P7T30R)                            0.01       0.97 f
  U3627/ZN (OAI112V2_140P7T30R)                           0.01       0.98 r
  u_add/y_reg[21]/D (DQV2_140P7T30R)                      0.00       0.98 r
  data arrival time                                                  0.98

  clock clk (rise edge)                                   1.00       1.00
  clock network delay (ideal)                             0.00       1.00
  u_add/y_reg[21]/CK (DQV2_140P7T30R)                     0.00       1.00 r
  library setup time                                     -0.02       0.98
  data required time                                                 0.98
  --------------------------------------------------------------------------
  data required time                                                 0.98
  data arrival time                                                 -0.98
  --------------------------------------------------------------------------
  slack (MET)                                                        0.00


  Startpoint: u_add/bigm0_reg[15]
              (rising edge-triggered flip-flop clocked by clk)
  Endpoint: u_add/y_reg[22]
            (rising edge-triggered flip-flop clocked by clk)
  Path Group: clk
  Path Type: max

  Point                                                   Incr       Path
  --------------------------------------------------------------------------
  clock clk (rise edge)                                   0.00       0.00
  clock network delay (ideal)                             0.00       0.00
  u_add/bigm0_reg[15]/CK (DQV2_140P7T30R)                 0.00       0.00 r
  u_add/bigm0_reg[15]/Q (DQV2_140P7T30R)                  0.04       0.04 f
  U1037/ZN (NOR2V2_140P7T30R)                             0.02       0.06 r
  U2403/ZN (OAI12V2_140P7T30R)                            0.01       0.07 f
  U2404/ZN (AOI12V2_140P7T30R)                            0.02       0.09 r
  U2405/ZN (OAI12V2_140P7T30R)                            0.02       0.10 f
  U2406/ZN (AOI12V4_140P7T30R)                            0.02       0.12 r
  U953/ZN (OAI12V4_140P7T30R)                             0.02       0.14 f
  U1030/ZN (NOR2V12_140P7T30R)                            0.02       0.15 r
  U1049/ZN (INV16_140P7T30R)                              0.01       0.17 f
  U983/ZN (INV2_140P7T30R)                                0.02       0.19 r
  U1048/ZN (INV2_140P7T30R)                               0.02       0.21 f
  U2443/Z (AO22V2_140P7T30R)                              0.02       0.23 f
  U2444/ZN (NOR2V2_140P7T30R)                             0.02       0.25 r
  U2454/ZN (OAI12V2_140P7T30R)                            0.01       0.26 f
  U1097/ZN (AOI12V2_140P7T30R)                            0.02       0.28 r
  U1019/ZN (OAI12V2_140P7T30R)                            0.02       0.30 f
  U1225/ZN (AOI12V2_140P7T30R)                            0.02       0.32 r
  U2488/ZN (OAI12V4_140P7T30R)                            0.02       0.34 f
  U1018/ZN (AOI12V4_140P7T30R)                            0.01       0.35 r
  U1224/ZN (OAI12V2_140P7T30R)                            0.02       0.37 f
  U1058/ZN (AOI12V2_140P7T30R)                            0.02       0.39 r
  U1223/ZN (OAI12V2_140P7T30R)                            0.02       0.40 f
  U1094/ZN (AOI12V2_140P7T30R)                            0.02       0.43 r
  U2538/ZN (OAI12V4_140P7T30R)                            0.02       0.44 f
  U1016/ZN (AOI12V4_140P7T30R)                            0.02       0.46 r
  U1106/ZN (OAI12V4_140P7T30R)                            0.01       0.47 f
  U1002/ZN (AOI12V4_140P7T30R)                            0.02       0.49 r
  U1001/ZN (OAI12V4_140P7T30R)                            0.01       0.50 f
  U2575/ZN (AOI12V4_140P7T30R)                            0.02       0.52 r
  U2581/ZN (OAI12V4_140P7T30R)                            0.01       0.53 f
  U1105/ZN (AOI12V4_140P7T30R)                            0.02       0.55 r
  U1014/ZN (OAI12V4_140P7T30R)                            0.01       0.56 f
  U2599/ZN (XNOR2V4_140P7T30R)                            0.03       0.59 f
  U2603/Z (OR2V6_140P7T30R)                               0.02       0.61 f
  U2610/ZN (NOR2V8_140P7T30R)                             0.01       0.62 r
  U2625/ZN (NAND2V6_140P7T30R)                            0.01       0.63 f
  U1055/ZN (OAI12V2_140P7T30R)                            0.02       0.65 r
  U1104/ZN (AOI12V2_140P7T30R)                            0.01       0.66 f
  U1226/ZN (OAI12V2_140P7T30R)                            0.02       0.68 r
  U2709/ZN (NAND2V2_140P7T30R)                            0.01       0.69 f
  U1053/Z (XOR2V2_140P7T30R)                              0.03       0.71 f
  U1102/ZN (INV2_140P7T30R)                               0.01       0.73 r
  U1101/ZN (OAI12V2_140P7T30R)                            0.01       0.74 f
  U1051/ZN (AOI12V4_140P7T30R)                            0.02       0.76 r
  U996/ZN (OAI12V4_140P7T30R)                             0.02       0.77 f
  U995/ZN (AOI12V6_140P7T30R)                             0.02       0.79 r
  U994/ZN (OAI12V6_140P7T30R)                             0.01       0.80 f
  U993/ZN (AOI12V4_140P7T30R)                             0.01       0.81 r
  U1184/ZN (XNOR2V2_140P7T30R)                            0.01       0.83 f
  U992/ZN (NOR2V2_140P7T30R)                              0.01       0.84 r
  U991/ZN (NAND3V4_140P7T30R)                             0.02       0.86 f
  U990/ZN (NAND2XBV8_140P7T30R)                           0.02       0.87 r
  U944/ZN (NOR2V4_140P7T30R)                              0.02       0.90 f
  U943/ZN (INV2_140P7T30R)                                0.02       0.92 r
  U3635/ZN (OAI112V2_140P7T30R)                           0.02       0.93 f
  U1168/ZN (AOI12V2_140P7T30R)                            0.02       0.96 r
  U1166/ZN (OAI112V2_140P7T30R)                           0.02       0.98 f
  u_add/y_reg[22]/D (DQV2_140P7T30R)                      0.00       0.98 f
  data arrival time                                                  0.98

  clock clk (rise edge)                                   1.00       1.00
  clock network delay (ideal)                             0.00       1.00
  u_add/y_reg[22]/CK (DQV2_140P7T30R)                     0.00       1.00 r
  library setup time                                     -0.02       0.98
  data required time                                                 0.98
  --------------------------------------------------------------------------
  data required time                                                 0.98
  data arrival time                                                 -0.98
  --------------------------------------------------------------------------
  slack (MET)                                                        0.00


  Startpoint: u_add/bigm0_reg[15]
              (rising edge-triggered flip-flop clocked by clk)
  Endpoint: u_add/y_reg[18]
            (rising edge-triggered flip-flop clocked by clk)
  Path Group: clk
  Path Type: max

  Point                                                   Incr       Path
  --------------------------------------------------------------------------
  clock clk (rise edge)                                   0.00       0.00
  clock network delay (ideal)                             0.00       0.00
  u_add/bigm0_reg[15]/CK (DQV2_140P7T30R)                 0.00       0.00 r
  u_add/bigm0_reg[15]/Q (DQV2_140P7T30R)                  0.04       0.04 f
  U1037/ZN (NOR2V2_140P7T30R)                             0.02       0.06 r
  U2403/ZN (OAI12V2_140P7T30R)                            0.01       0.07 f
  U2404/ZN (AOI12V2_140P7T30R)                            0.02       0.09 r
  U2405/ZN (OAI12V2_140P7T30R)                            0.02       0.10 f
  U2406/ZN (AOI12V4_140P7T30R)                            0.02       0.12 r
  U953/ZN (OAI12V4_140P7T30R)                             0.02       0.14 f
  U1030/ZN (NOR2V12_140P7T30R)                            0.02       0.15 r
  U1049/ZN (INV16_140P7T30R)                              0.01       0.17 f
  U983/ZN (INV2_140P7T30R)                                0.02       0.19 r
  U1048/ZN (INV2_140P7T30R)                               0.02       0.21 f
  U2443/Z (AO22V2_140P7T30R)                              0.02       0.23 f
  U2444/ZN (NOR2V2_140P7T30R)                             0.02       0.25 r
  U2454/ZN (OAI12V2_140P7T30R)                            0.01       0.26 f
  U1097/ZN (AOI12V2_140P7T30R)                            0.02       0.28 r
  U1019/ZN (OAI12V2_140P7T30R)                            0.02       0.30 f
  U1225/ZN (AOI12V2_140P7T30R)                            0.02       0.32 r
  U2488/ZN (OAI12V4_140P7T30R)                            0.02       0.34 f
  U1018/ZN (AOI12V4_140P7T30R)                            0.01       0.35 r
  U1224/ZN (OAI12V2_140P7T30R)                            0.02       0.37 f
  U1058/ZN (AOI12V2_140P7T30R)                            0.02       0.39 r
  U1223/ZN (OAI12V2_140P7T30R)                            0.02       0.40 f
  U1094/ZN (AOI12V2_140P7T30R)                            0.02       0.43 r
  U2538/ZN (OAI12V4_140P7T30R)                            0.02       0.44 f
  U1016/ZN (AOI12V4_140P7T30R)                            0.02       0.46 r
  U1106/ZN (OAI12V4_140P7T30R)                            0.01       0.47 f
  U1002/ZN (AOI12V4_140P7T30R)                            0.02       0.49 r
  U1001/ZN (OAI12V4_140P7T30R)                            0.01       0.50 f
  U2575/ZN (AOI12V4_140P7T30R)                            0.02       0.52 r
  U2581/ZN (OAI12V4_140P7T30R)                            0.01       0.53 f
  U1105/ZN (AOI12V4_140P7T30R)                            0.02       0.55 r
  U1014/ZN (OAI12V4_140P7T30R)                            0.01       0.56 f
  U2599/ZN (XNOR2V4_140P7T30R)                            0.03       0.59 f
  U2603/Z (OR2V6_140P7T30R)                               0.02       0.61 f
  U2610/ZN (NOR2V8_140P7T30R)                             0.01       0.62 r
  U2625/ZN (NAND2V6_140P7T30R)                            0.01       0.63 f
  U1055/ZN (OAI12V2_140P7T30R)                            0.02       0.65 r
  U1104/ZN (AOI12V2_140P7T30R)                            0.01       0.66 f
  U1226/ZN (OAI12V2_140P7T30R)                            0.02       0.68 r
  U2709/ZN (NAND2V2_140P7T30R)                            0.01       0.69 f
  U1053/Z (XOR2V2_140P7T30R)                              0.03       0.71 f
  U1102/ZN (INV2_140P7T30R)                               0.01       0.73 r
  U1101/ZN (OAI12V2_140P7T30R)                            0.01       0.74 f
  U1051/ZN (AOI12V4_140P7T30R)                            0.02       0.76 r
  U996/ZN (OAI12V4_140P7T30R)                             0.02       0.77 f
  U995/ZN (AOI12V6_140P7T30R)                             0.02       0.79 r
  U994/ZN (OAI12V6_140P7T30R)                             0.01       0.80 f
  U993/ZN (AOI12V4_140P7T30R)                             0.01       0.81 r
  U1184/ZN (XNOR2V2_140P7T30R)                            0.02       0.84 r
  U992/ZN (NOR2V2_140P7T30R)                              0.01       0.85 f
  U991/ZN (NAND3V4_140P7T30R)                             0.01       0.86 r
  U990/ZN (NAND2XBV8_140P7T30R)                           0.02       0.87 f
  U2737/ZN (INV4_140P7T30R)                               0.01       0.88 r
  U973/ZN (CLKNAND2V4_140P7T30R)                          0.03       0.91 f
  U985/ZN (INV4_140P7T30R)                                0.02       0.93 r
  U3597/Z (AO1B2V2_140P7T30R)                             0.02       0.95 r
  U1125/ZN (AOI12V2_140P7T30R)                            0.01       0.96 f
  U3603/ZN (OAI112V2_140P7T30R)                           0.01       0.98 r
  u_add/y_reg[18]/D (DQV2_140P7T30R)                      0.00       0.98 r
  data arrival time                                                  0.98

  clock clk (rise edge)                                   1.00       1.00
  clock network delay (ideal)                             0.00       1.00
  u_add/y_reg[18]/CK (DQV2_140P7T30R)                     0.00       1.00 r
  library setup time                                     -0.02       0.98
  data required time                                                 0.98
  --------------------------------------------------------------------------
  data required time                                                 0.98
  data arrival time                                                 -0.98
  --------------------------------------------------------------------------
  slack (MET)                                                        0.00


  Startpoint: u_add/bigm0_reg[15]
              (rising edge-triggered flip-flop clocked by clk)
  Endpoint: u_add/y_reg[14]
            (rising edge-triggered flip-flop clocked by clk)
  Path Group: clk
  Path Type: max

  Point                                                   Incr       Path
  --------------------------------------------------------------------------
  clock clk (rise edge)                                   0.00       0.00
  clock network delay (ideal)                             0.00       0.00
  u_add/bigm0_reg[15]/CK (DQV2_140P7T30R)                 0.00       0.00 r
  u_add/bigm0_reg[15]/Q (DQV2_140P7T30R)                  0.04       0.04 f
  U1037/ZN (NOR2V2_140P7T30R)                             0.02       0.06 r
  U2403/ZN (OAI12V2_140P7T30R)                            0.01       0.07 f
  U2404/ZN (AOI12V2_140P7T30R)                            0.02       0.09 r
  U2405/ZN (OAI12V2_140P7T30R)                            0.02       0.10 f
  U2406/ZN (AOI12V4_140P7T30R)                            0.02       0.12 r
  U953/ZN (OAI12V4_140P7T30R)                             0.02       0.14 f
  U1030/ZN (NOR2V12_140P7T30R)                            0.02       0.15 r
  U1049/ZN (INV16_140P7T30R)                              0.01       0.17 f
  U983/ZN (INV2_140P7T30R)                                0.02       0.19 r
  U1048/ZN (INV2_140P7T30R)                               0.02       0.21 f
  U2443/Z (AO22V2_140P7T30R)                              0.02       0.23 f
  U2444/ZN (NOR2V2_140P7T30R)                             0.02       0.25 r
  U2454/ZN (OAI12V2_140P7T30R)                            0.01       0.26 f
  U1097/ZN (AOI12V2_140P7T30R)                            0.02       0.28 r
  U1019/ZN (OAI12V2_140P7T30R)                            0.02       0.30 f
  U1225/ZN (AOI12V2_140P7T30R)                            0.02       0.32 r
  U2488/ZN (OAI12V4_140P7T30R)                            0.02       0.34 f
  U1018/ZN (AOI12V4_140P7T30R)                            0.01       0.35 r
  U1224/ZN (OAI12V2_140P7T30R)                            0.02       0.37 f
  U1058/ZN (AOI12V2_140P7T30R)                            0.02       0.39 r
  U1223/ZN (OAI12V2_140P7T30R)                            0.02       0.40 f
  U1094/ZN (AOI12V2_140P7T30R)                            0.02       0.43 r
  U2538/ZN (OAI12V4_140P7T30R)                            0.02       0.44 f
  U1016/ZN (AOI12V4_140P7T30R)                            0.02       0.46 r
  U1106/ZN (OAI12V4_140P7T30R)                            0.01       0.47 f
  U1002/ZN (AOI12V4_140P7T30R)                            0.02       0.49 r
  U1001/ZN (OAI12V4_140P7T30R)                            0.01       0.50 f
  U2575/ZN (AOI12V4_140P7T30R)                            0.02       0.52 r
  U2581/ZN (OAI12V4_140P7T30R)                            0.01       0.53 f
  U1105/ZN (AOI12V4_140P7T30R)                            0.02       0.55 r
  U1014/ZN (OAI12V4_140P7T30R)                            0.01       0.56 f
  U2599/ZN (XNOR2V4_140P7T30R)                            0.03       0.59 f
  U2603/Z (OR2V6_140P7T30R)                               0.02       0.61 f
  U2610/ZN (NOR2V8_140P7T30R)                             0.01       0.62 r
  U2625/ZN (NAND2V6_140P7T30R)                            0.01       0.63 f
  U1055/ZN (OAI12V2_140P7T30R)                            0.02       0.65 r
  U1104/ZN (AOI12V2_140P7T30R)                            0.01       0.66 f
  U1226/ZN (OAI12V2_140P7T30R)                            0.02       0.68 r
  U2709/ZN (NAND2V2_140P7T30R)                            0.01       0.69 f
  U1053/Z (XOR2V2_140P7T30R)                              0.03       0.71 f
  U1102/ZN (INV2_140P7T30R)                               0.01       0.73 r
  U1101/ZN (OAI12V2_140P7T30R)                            0.01       0.74 f
  U1051/ZN (AOI12V4_140P7T30R)                            0.02       0.76 r
  U996/ZN (OAI12V4_140P7T30R)                             0.02       0.77 f
  U995/ZN (AOI12V6_140P7T30R)                             0.02       0.79 r
  U994/ZN (OAI12V6_140P7T30R)                             0.01       0.80 f
  U993/ZN (AOI12V4_140P7T30R)                             0.01       0.81 r
  U1184/ZN (XNOR2V2_140P7T30R)                            0.02       0.84 r
  U992/ZN (NOR2V2_140P7T30R)                              0.01       0.85 f
  U991/ZN (NAND3V4_140P7T30R)                             0.01       0.86 r
  U990/ZN (NAND2XBV8_140P7T30R)                           0.02       0.87 f
  U2737/ZN (INV4_140P7T30R)                               0.01       0.88 r
  U973/ZN (CLKNAND2V4_140P7T30R)                          0.03       0.91 f
  U985/ZN (INV4_140P7T30R)                                0.02       0.93 r
  U3572/ZN (NAND2V2_140P7T30R)                            0.01       0.94 f
  U3574/ZN (OAI112V2_140P7T30R)                           0.01       0.96 r
  U1132/ZN (AOI12V2_140P7T30R)                            0.01       0.97 f
  U1131/ZN (OAI12V2_140P7T30R)                            0.01       0.98 r
  u_add/y_reg[14]/D (DQV2_140P7T30R)                      0.00       0.98 r
  data arrival time                                                  0.98

  clock clk (rise edge)                                   1.00       1.00
  clock network delay (ideal)                             0.00       1.00
  u_add/y_reg[14]/CK (DQV2_140P7T30R)                     0.00       1.00 r
  library setup time                                     -0.02       0.98
  data required time                                                 0.98
  --------------------------------------------------------------------------
  data required time                                                 0.98
  data arrival time                                                 -0.98
  --------------------------------------------------------------------------
  slack (MET)                                                        0.00


  Startpoint: u_add/bigm0_reg[15]
              (rising edge-triggered flip-flop clocked by clk)
  Endpoint: u_add/y_reg[17]
            (rising edge-triggered flip-flop clocked by clk)
  Path Group: clk
  Path Type: max

  Point                                                   Incr       Path
  --------------------------------------------------------------------------
  clock clk (rise edge)                                   0.00       0.00
  clock network delay (ideal)                             0.00       0.00
  u_add/bigm0_reg[15]/CK (DQV2_140P7T30R)                 0.00       0.00 r
  u_add/bigm0_reg[15]/Q (DQV2_140P7T30R)                  0.04       0.04 f
  U1037/ZN (NOR2V2_140P7T30R)                             0.02       0.06 r
  U2403/ZN (OAI12V2_140P7T30R)                            0.01       0.07 f
  U2404/ZN (AOI12V2_140P7T30R)                            0.02       0.09 r
  U2405/ZN (OAI12V2_140P7T30R)                            0.02       0.10 f
  U2406/ZN (AOI12V4_140P7T30R)                            0.02       0.12 r
  U953/ZN (OAI12V4_140P7T30R)                             0.02       0.14 f
  U1030/ZN (NOR2V12_140P7T30R)                            0.02       0.15 r
  U1049/ZN (INV16_140P7T30R)                              0.01       0.17 f
  U983/ZN (INV2_140P7T30R)                                0.02       0.19 r
  U1048/ZN (INV2_140P7T30R)                               0.02       0.21 f
  U2443/Z (AO22V2_140P7T30R)                              0.02       0.23 f
  U2444/ZN (NOR2V2_140P7T30R)                             0.02       0.25 r
  U2454/ZN (OAI12V2_140P7T30R)                            0.01       0.26 f
  U1097/ZN (AOI12V2_140P7T30R)                            0.02       0.28 r
  U1019/ZN (OAI12V2_140P7T30R)                            0.02       0.30 f
  U1225/ZN (AOI12V2_140P7T30R)                            0.02       0.32 r
  U2488/ZN (OAI12V4_140P7T30R)                            0.02       0.34 f
  U1018/ZN (AOI12V4_140P7T30R)                            0.01       0.35 r
  U1224/ZN (OAI12V2_140P7T30R)                            0.02       0.37 f
  U1058/ZN (AOI12V2_140P7T30R)                            0.02       0.39 r
  U1223/ZN (OAI12V2_140P7T30R)                            0.02       0.40 f
  U1094/ZN (AOI12V2_140P7T30R)                            0.02       0.43 r
  U2538/ZN (OAI12V4_140P7T30R)                            0.02       0.44 f
  U1016/ZN (AOI12V4_140P7T30R)                            0.02       0.46 r
  U1106/ZN (OAI12V4_140P7T30R)                            0.01       0.47 f
  U1002/ZN (AOI12V4_140P7T30R)                            0.02       0.49 r
  U1001/ZN (OAI12V4_140P7T30R)                            0.01       0.50 f
  U2575/ZN (AOI12V4_140P7T30R)                            0.02       0.52 r
  U2581/ZN (OAI12V4_140P7T30R)                            0.01       0.53 f
  U1105/ZN (AOI12V4_140P7T30R)                            0.02       0.55 r
  U1014/ZN (OAI12V4_140P7T30R)                            0.01       0.56 f
  U2599/ZN (XNOR2V4_140P7T30R)                            0.03       0.59 f
  U2603/Z (OR2V6_140P7T30R)                               0.02       0.61 f
  U2610/ZN (NOR2V8_140P7T30R)                             0.01       0.62 r
  U2625/ZN (NAND2V6_140P7T30R)                            0.01       0.63 f
  U1055/ZN (OAI12V2_140P7T30R)                            0.02       0.65 r
  U1104/ZN (AOI12V2_140P7T30R)                            0.01       0.66 f
  U1226/ZN (OAI12V2_140P7T30R)                            0.02       0.68 r
  U2709/ZN (NAND2V2_140P7T30R)                            0.01       0.69 f
  U1053/Z (XOR2V2_140P7T30R)                              0.03       0.71 f
  U1102/ZN (INV2_140P7T30R)                               0.01       0.73 r
  U1101/ZN (OAI12V2_140P7T30R)                            0.01       0.74 f
  U1051/ZN (AOI12V4_140P7T30R)                            0.02       0.76 r
  U996/ZN (OAI12V4_140P7T30R)                             0.02       0.77 f
  U995/ZN (AOI12V6_140P7T30R)                             0.02       0.79 r
  U994/ZN (OAI12V6_140P7T30R)                             0.01       0.80 f
  U993/ZN (AOI12V4_140P7T30R)                             0.01       0.81 r
  U1184/ZN (XNOR2V2_140P7T30R)                            0.01       0.83 f
  U992/ZN (NOR2V2_140P7T30R)                              0.01       0.84 r
  U991/ZN (NAND3V4_140P7T30R)                             0.02       0.86 f
  U990/ZN (NAND2XBV8_140P7T30R)                           0.02       0.87 r
  U2737/ZN (INV4_140P7T30R)                               0.01       0.88 f
  U973/ZN (CLKNAND2V4_140P7T30R)                          0.02       0.90 r
  U985/ZN (INV4_140P7T30R)                                0.01       0.91 f
  U3591/ZN (NAND2V2_140P7T30R)                            0.01       0.92 r
  U3593/ZN (OAI112V2_140P7T30R)                           0.02       0.94 f
  U1126/Z (AO112V2_140P7T30R)                             0.03       0.98 f
  u_add/y_reg[17]/D (DQV2_140P7T30R)                      0.00       0.98 f
  data arrival time                                                  0.98

  clock clk (rise edge)                                   1.00       1.00
  clock network delay (ideal)                             0.00       1.00
  u_add/y_reg[17]/CK (DQV2_140P7T30R)                     0.00       1.00 r
  library setup time                                     -0.01       0.99
  data required time                                                 0.99
  --------------------------------------------------------------------------
  data required time                                                 0.99
  data arrival time                                                 -0.98
  --------------------------------------------------------------------------
  slack (MET)                                                        0.01


  Startpoint: u_add/bigm0_reg[15]
              (rising edge-triggered flip-flop clocked by clk)
  Endpoint: u_add/y_reg[12]
            (rising edge-triggered flip-flop clocked by clk)
  Path Group: clk
  Path Type: max

  Point                                                   Incr       Path
  --------------------------------------------------------------------------
  clock clk (rise edge)                                   0.00       0.00
  clock network delay (ideal)                             0.00       0.00
  u_add/bigm0_reg[15]/CK (DQV2_140P7T30R)                 0.00       0.00 r
  u_add/bigm0_reg[15]/Q (DQV2_140P7T30R)                  0.04       0.04 f
  U1037/ZN (NOR2V2_140P7T30R)                             0.02       0.06 r
  U2403/ZN (OAI12V2_140P7T30R)                            0.01       0.07 f
  U2404/ZN (AOI12V2_140P7T30R)                            0.02       0.09 r
  U2405/ZN (OAI12V2_140P7T30R)                            0.02       0.10 f
  U2406/ZN (AOI12V4_140P7T30R)                            0.02       0.12 r
  U953/ZN (OAI12V4_140P7T30R)                             0.02       0.14 f
  U1030/ZN (NOR2V12_140P7T30R)                            0.02       0.15 r
  U1049/ZN (INV16_140P7T30R)                              0.01       0.17 f
  U983/ZN (INV2_140P7T30R)                                0.02       0.19 r
  U1048/ZN (INV2_140P7T30R)                               0.02       0.21 f
  U2443/Z (AO22V2_140P7T30R)                              0.02       0.23 f
  U2444/ZN (NOR2V2_140P7T30R)                             0.02       0.25 r
  U2454/ZN (OAI12V2_140P7T30R)                            0.01       0.26 f
  U1097/ZN (AOI12V2_140P7T30R)                            0.02       0.28 r
  U1019/ZN (OAI12V2_140P7T30R)                            0.02       0.30 f
  U1225/ZN (AOI12V2_140P7T30R)                            0.02       0.32 r
  U2488/ZN (OAI12V4_140P7T30R)                            0.02       0.34 f
  U1018/ZN (AOI12V4_140P7T30R)                            0.01       0.35 r
  U1224/ZN (OAI12V2_140P7T30R)                            0.02       0.37 f
  U1058/ZN (AOI12V2_140P7T30R)                            0.02       0.39 r
  U1223/ZN (OAI12V2_140P7T30R)                            0.02       0.40 f
  U1094/ZN (AOI12V2_140P7T30R)                            0.02       0.43 r
  U2538/ZN (OAI12V4_140P7T30R)                            0.02       0.44 f
  U1016/ZN (AOI12V4_140P7T30R)                            0.02       0.46 r
  U1106/ZN (OAI12V4_140P7T30R)                            0.01       0.47 f
  U1002/ZN (AOI12V4_140P7T30R)                            0.02       0.49 r
  U1001/ZN (OAI12V4_140P7T30R)                            0.01       0.50 f
  U2575/ZN (AOI12V4_140P7T30R)                            0.02       0.52 r
  U2581/ZN (OAI12V4_140P7T30R)                            0.01       0.53 f
  U1105/ZN (AOI12V4_140P7T30R)                            0.02       0.55 r
  U1014/ZN (OAI12V4_140P7T30R)                            0.01       0.56 f
  U2599/ZN (XNOR2V4_140P7T30R)                            0.03       0.59 f
  U2603/Z (OR2V6_140P7T30R)                               0.02       0.61 f
  U2610/ZN (NOR2V8_140P7T30R)                             0.01       0.62 r
  U2625/ZN (NAND2V6_140P7T30R)                            0.01       0.63 f
  U1055/ZN (OAI12V2_140P7T30R)                            0.02       0.65 r
  U1104/ZN (AOI12V2_140P7T30R)                            0.01       0.66 f
  U1226/ZN (OAI12V2_140P7T30R)                            0.02       0.68 r
  U2709/ZN (NAND2V2_140P7T30R)                            0.01       0.69 f
  U1053/Z (XOR2V2_140P7T30R)                              0.03       0.71 f
  U1102/ZN (INV2_140P7T30R)                               0.01       0.73 r
  U1101/ZN (OAI12V2_140P7T30R)                            0.01       0.74 f
  U1051/ZN (AOI12V4_140P7T30R)                            0.02       0.76 r
  U996/ZN (OAI12V4_140P7T30R)                             0.02       0.77 f
  U995/ZN (AOI12V6_140P7T30R)                             0.02       0.79 r
  U994/ZN (OAI12V6_140P7T30R)                             0.01       0.80 f
  U993/ZN (AOI12V4_140P7T30R)                             0.01       0.81 r
  U1184/ZN (XNOR2V2_140P7T30R)                            0.02       0.84 r
  U992/ZN (NOR2V2_140P7T30R)                              0.01       0.85 f
  U991/ZN (NAND3V4_140P7T30R)                             0.01       0.86 r
  U990/ZN (NAND2XBV8_140P7T30R)                           0.02       0.87 f
  U988/ZN (NOR2XBV8_140P7T30R)                            0.01       0.89 r
  U987/ZN (NAND2XBV8_140P7T30R)                           0.01       0.90 f
  U986/ZN (NOR2V8_140P7T30R)                              0.01       0.91 r
  U941/ZN (INV4_140P7T30R)                                0.01       0.93 f
  U3357/ZN (NOR2V2_140P7T30R)                             0.02       0.95 r
  U3379/ZN (NAND2V2_140P7T30R)                            0.01       0.96 f
  U3380/ZN (OAI112V2_140P7T30R)                           0.01       0.97 r
  u_add/y_reg[12]/D (DQV2_140P7T30R)                      0.00       0.97 r
  data arrival time                                                  0.97

  clock clk (rise edge)                                   1.00       1.00
  clock network delay (ideal)                             0.00       1.00
  u_add/y_reg[12]/CK (DQV2_140P7T30R)                     0.00       1.00 r
  library setup time                                     -0.02       0.98
  data required time                                                 0.98
  --------------------------------------------------------------------------
  data required time                                                 0.98
  data arrival time                                                 -0.97
  --------------------------------------------------------------------------
  slack (MET)                                                        0.01


  Startpoint: u_add/bigm0_reg[15]
              (rising edge-triggered flip-flop clocked by clk)
  Endpoint: u_add/y_reg[10]
            (rising edge-triggered flip-flop clocked by clk)
  Path Group: clk
  Path Type: max

  Point                                                   Incr       Path
  --------------------------------------------------------------------------
  clock clk (rise edge)                                   0.00       0.00
  clock network delay (ideal)                             0.00       0.00
  u_add/bigm0_reg[15]/CK (DQV2_140P7T30R)                 0.00       0.00 r
  u_add/bigm0_reg[15]/Q (DQV2_140P7T30R)                  0.04       0.04 f
  U1037/ZN (NOR2V2_140P7T30R)                             0.02       0.06 r
  U2403/ZN (OAI12V2_140P7T30R)                            0.01       0.07 f
  U2404/ZN (AOI12V2_140P7T30R)                            0.02       0.09 r
  U2405/ZN (OAI12V2_140P7T30R)                            0.02       0.10 f
  U2406/ZN (AOI12V4_140P7T30R)                            0.02       0.12 r
  U953/ZN (OAI12V4_140P7T30R)                             0.02       0.14 f
  U1030/ZN (NOR2V12_140P7T30R)                            0.02       0.15 r
  U1049/ZN (INV16_140P7T30R)                              0.01       0.17 f
  U983/ZN (INV2_140P7T30R)                                0.02       0.19 r
  U1048/ZN (INV2_140P7T30R)                               0.02       0.21 f
  U2443/Z (AO22V2_140P7T30R)                              0.02       0.23 f
  U2444/ZN (NOR2V2_140P7T30R)                             0.02       0.25 r
  U2454/ZN (OAI12V2_140P7T30R)                            0.01       0.26 f
  U1097/ZN (AOI12V2_140P7T30R)                            0.02       0.28 r
  U1019/ZN (OAI12V2_140P7T30R)                            0.02       0.30 f
  U1225/ZN (AOI12V2_140P7T30R)                            0.02       0.32 r
  U2488/ZN (OAI12V4_140P7T30R)                            0.02       0.34 f
  U1018/ZN (AOI12V4_140P7T30R)                            0.01       0.35 r
  U1224/ZN (OAI12V2_140P7T30R)                            0.02       0.37 f
  U1058/ZN (AOI12V2_140P7T30R)                            0.02       0.39 r
  U1223/ZN (OAI12V2_140P7T30R)                            0.02       0.40 f
  U1094/ZN (AOI12V2_140P7T30R)                            0.02       0.43 r
  U2538/ZN (OAI12V4_140P7T30R)                            0.02       0.44 f
  U1016/ZN (AOI12V4_140P7T30R)                            0.02       0.46 r
  U1106/ZN (OAI12V4_140P7T30R)                            0.01       0.47 f
  U1002/ZN (AOI12V4_140P7T30R)                            0.02       0.49 r
  U1001/ZN (OAI12V4_140P7T30R)                            0.01       0.50 f
  U2575/ZN (AOI12V4_140P7T30R)                            0.02       0.52 r
  U2581/ZN (OAI12V4_140P7T30R)                            0.01       0.53 f
  U1105/ZN (AOI12V4_140P7T30R)                            0.02       0.55 r
  U1014/ZN (OAI12V4_140P7T30R)                            0.01       0.56 f
  U2599/ZN (XNOR2V4_140P7T30R)                            0.03       0.59 f
  U2603/Z (OR2V6_140P7T30R)                               0.02       0.61 f
  U2610/ZN (NOR2V8_140P7T30R)                             0.01       0.62 r
  U2625/ZN (NAND2V6_140P7T30R)                            0.01       0.63 f
  U1055/ZN (OAI12V2_140P7T30R)                            0.02       0.65 r
  U1104/ZN (AOI12V2_140P7T30R)                            0.01       0.66 f
  U1226/ZN (OAI12V2_140P7T30R)                            0.02       0.68 r
  U2709/ZN (NAND2V2_140P7T30R)                            0.01       0.69 f
  U1053/Z (XOR2V2_140P7T30R)                              0.03       0.71 f
  U1102/ZN (INV2_140P7T30R)                               0.01       0.73 r
  U1101/ZN (OAI12V2_140P7T30R)                            0.01       0.74 f
  U1051/ZN (AOI12V4_140P7T30R)                            0.02       0.76 r
  U996/ZN (OAI12V4_140P7T30R)                             0.02       0.77 f
  U995/ZN (AOI12V6_140P7T30R)                             0.02       0.79 r
  U994/ZN (OAI12V6_140P7T30R)                             0.01       0.80 f
  U993/ZN (AOI12V4_140P7T30R)                             0.01       0.81 r
  U1184/ZN (XNOR2V2_140P7T30R)                            0.02       0.84 r
  U992/ZN (NOR2V2_140P7T30R)                              0.01       0.85 f
  U991/ZN (NAND3V4_140P7T30R)                             0.01       0.86 r
  U990/ZN (NAND2XBV8_140P7T30R)                           0.02       0.87 f
  U988/ZN (NOR2XBV8_140P7T30R)                            0.01       0.89 r
  U987/ZN (NAND2XBV8_140P7T30R)                           0.01       0.90 f
  U942/Z (OR2V2_140P7T30R)                                0.03       0.93 f
  U2752/ZN (NOR2V2_140P7T30R)                             0.02       0.94 r
  U3533/ZN (INV2_140P7T30R)                               0.01       0.96 f
  U1137/ZN (OAI12V2_140P7T30R)                            0.02       0.97 r
  u_add/y_reg[10]/D (DQV2_140P7T30R)                      0.00       0.97 r
  data arrival time                                                  0.97

  clock clk (rise edge)                                   1.00       1.00
  clock network delay (ideal)                             0.00       1.00
  u_add/y_reg[10]/CK (DQV2_140P7T30R)                     0.00       1.00 r
  library setup time                                     -0.02       0.98
  data required time                                                 0.98
  --------------------------------------------------------------------------
  data required time                                                 0.98
  data arrival time                                                 -0.97
  --------------------------------------------------------------------------
  slack (MET)                                                        0.01


 
****************************************
Report : area
Design : mac_bf16
Version: O-2018.06-SP1
Date   : Tue Aug 18 13:49:48 2026
****************************************

Library(s) Used:

    scc28nhkcp_hdc30p140_rvt_tt_v0p9_25c_basic (File: /home/lzl/project/newlpu/asic/dc/db/scc28nhkcp_hdc30p140_rvt_tt_v0p9_25c_basic.db)

Number of ports:                          130
Number of nets:                          3320
Number of cells:                         3022
Number of combinational cells:           2732
Number of sequential cells:               290
Number of macros/black boxes:               0
Number of buf/inv:                        353
Number of references:                      68

Combinational area:               1393.363982
Buf/Inv area:                       71.637998
Noncombinational area:             512.246017
Macro/Black Box area:                0.000000
Net Interconnect area:      undefined  (No wire load specified)

Total cell area:                  1905.609999
Total area:                 undefined

Hierarchical area distribution
------------------------------

                                  Global cell area          Local cell area
                                  ------------------  ---------------------------- 
Hierarchical cell                 Absolute   Percent  Combi-     Noncombi-  Black-
                                  Total      Total    national   national   boxes   Design
--------------------------------  ---------  -------  ---------  ---------  ------  ---------
mac_bf16                          1905.6100    100.0  1393.3640   512.2460  0.0000  mac_bf16
--------------------------------  ---------  -------  ---------  ---------  ------  ---------
Total                                                 1393.3640   512.2460  0.0000

 
****************************************
Report : power
        -analysis_effort low
Design : mac_bf16
Version: O-2018.06-SP1
Date   : Tue Aug 18 13:49:48 2026
****************************************


Library(s) Used:

    scc28nhkcp_hdc30p140_rvt_tt_v0p9_25c_basic (File: /home/lzl/project/newlpu/asic/dc/db/scc28nhkcp_hdc30p140_rvt_tt_v0p9_25c_basic.db)


Operating Conditions: tt_v0p9_25c   Library: scc28nhkcp_hdc30p140_rvt_tt_v0p9_25c_basic
Wire Load Model Mode: top


Global Operating Voltage = 0.9  
Power-specific unit information :
    Voltage Units = 1V
    Capacitance Units = 1.000000pf
    Time Units = 1ns
    Dynamic Power Units = 1mW    (derived from V,C,T units)
    Leakage Power Units = 1uW


  Cell Internal Power  =   1.4349 mW   (85%)
  Net Switching Power  = 247.9930 uW   (15%)
                         ---------
Total Dynamic Power    =   1.6829 mW  (100%)

Cell Leakage Power     =  13.9965 uW


                 Internal         Switching           Leakage            Total
Power Group      Power            Power               Power              Power   (   %    )  Attrs
--------------------------------------------------------------------------------------------------
io_pad             0.0000            0.0000            0.0000            0.0000  (   0.00%)
memory             0.0000            0.0000            0.0000            0.0000  (   0.00%)
black_box          0.0000            0.0000            0.0000            0.0000  (   0.00%)
clock_network      0.0000            0.0000            0.0000            0.0000  (   0.00%)
register           1.0968        3.5222e-02            3.6430            1.1356  (  66.92%)
sequential         0.0000            0.0000            0.0000            0.0000  (   0.00%)
combinational      0.3381            0.2128           10.3535            0.5613  (  33.08%)
--------------------------------------------------------------------------------------------------
Total              1.4349 mW         0.2480 mW        13.9965 uW         1.6969 mW
 
****************************************
Report : reference
Design : mac_bf16
Version: O-2018.06-SP1
Date   : Tue Aug 18 13:49:48 2026
****************************************

Attributes:
    b - black box (unknown)
   bo - allows boundary optimization
    d - dont_touch
   mo - map_only
    h - hierarchical
    n - noncombinational
    r - removable
    s - synthetic operator
    u - contains unmapped logic

Reference          Library       Unit Area   Count    Total Area   Attributes
-----------------------------------------------------------------------------
AD1V2_140P7T30R    scc28nhkcp_hdc30p140_rvt_tt_v0p9_25c_basic
                                  1.568000     185    290.079992  r
ADH1V2_140P7T30R   scc28nhkcp_hdc30p140_rvt_tt_v0p9_25c_basic
                                  0.980000      20     19.600000  r
AND2V2_140P7T30R   scc28nhkcp_hdc30p140_rvt_tt_v0p9_25c_basic
                                  0.392000     120     47.039999  
AND2V8_140P7T30R   scc28nhkcp_hdc30p140_rvt_tt_v0p9_25c_basic
                                  0.882000       1      0.882000  
AND3V2_140P7T30R   scc28nhkcp_hdc30p140_rvt_tt_v0p9_25c_basic
                                  0.490000       4      1.960000  
AO1B2V2_140P7T30R  scc28nhkcp_hdc30p140_rvt_tt_v0p9_25c_basic
                                  0.490000       3      1.470000  
AO12V2_140P7T30R   scc28nhkcp_hdc30p140_rvt_tt_v0p9_25c_basic
                                  0.490000      13      6.370000  
AO22V2_140P7T30R   scc28nhkcp_hdc30p140_rvt_tt_v0p9_25c_basic
                                  0.686000      69     47.333999  
AO112V2_140P7T30R  scc28nhkcp_hdc30p140_rvt_tt_v0p9_25c_basic
                                  0.588000       2      1.176000  
AO222V2_140P7T30R  scc28nhkcp_hdc30p140_rvt_tt_v0p9_25c_basic
                                  0.882000       1      0.882000  
AOI12V2_140P7T30R  scc28nhkcp_hdc30p140_rvt_tt_v0p9_25c_basic
                                  0.392000      99     38.807999  
AOI12V4_140P7T30R  scc28nhkcp_hdc30p140_rvt_tt_v0p9_25c_basic
                                  0.686000      13      8.918000  
AOI12V6_140P7T30R  scc28nhkcp_hdc30p140_rvt_tt_v0p9_25c_basic
                                  0.980000       2      1.960000  
AOI12V8_140P7T30R  scc28nhkcp_hdc30p140_rvt_tt_v0p9_25c_basic
                                  1.274000       2      2.548000  
AOI13V2_140P7T30R  scc28nhkcp_hdc30p140_rvt_tt_v0p9_25c_basic
                                  0.490000       1      0.490000  
AOI22BBV2_140P7T30R
                   scc28nhkcp_hdc30p140_rvt_tt_v0p9_25c_basic
                                  0.686000       1      0.686000  
AOI22V1_140P7T30R  scc28nhkcp_hdc30p140_rvt_tt_v0p9_25c_basic
                                  0.490000      75     36.750001  
AOI112V2_140P7T30R scc28nhkcp_hdc30p140_rvt_tt_v0p9_25c_basic
                                  0.490000      18      8.820000  
AOI222V2_140P7T30R scc28nhkcp_hdc30p140_rvt_tt_v0p9_25c_basic
                                  0.784000     179    140.335996  
BUFV4_140P7T30R    scc28nhkcp_hdc30p140_rvt_tt_v0p9_25c_basic
                                  0.392000       1      0.392000  
BUFV8_140P7T30R    scc28nhkcp_hdc30p140_rvt_tt_v0p9_25c_basic
                                  0.686000       1      0.686000  
BUFV10_140P7T30R   scc28nhkcp_hdc30p140_rvt_tt_v0p9_25c_basic
                                  0.882000       1      0.882000  
CLKNAND2V4_140P7T30R
                   scc28nhkcp_hdc30p140_rvt_tt_v0p9_25c_basic
                                  0.490000       1      0.490000  
DQV2_140P7T30R     scc28nhkcp_hdc30p140_rvt_tt_v0p9_25c_basic
                                  1.764000     285    502.740017  n
DQV4_140P7T30R     scc28nhkcp_hdc30p140_rvt_tt_v0p9_25c_basic
                                  1.862000       3      5.586000  n
DQV6_140P7T30R     scc28nhkcp_hdc30p140_rvt_tt_v0p9_25c_basic
                                  1.960000       2      3.920000  n
INV2_140P7T30R     scc28nhkcp_hdc30p140_rvt_tt_v0p9_25c_basic
                                  0.196000     345     67.619998  
INV4_140P7T30R     scc28nhkcp_hdc30p140_rvt_tt_v0p9_25c_basic
                                  0.294000       4      1.176000  
INV16_140P7T30R    scc28nhkcp_hdc30p140_rvt_tt_v0p9_25c_basic
                                  0.882000       1      0.882000  
MAJ23V2_140P7T30R  scc28nhkcp_hdc30p140_rvt_tt_v0p9_25c_basic
                                  0.686000       1      0.686000  
MUX2NV2_140P7T30R  scc28nhkcp_hdc30p140_rvt_tt_v0p9_25c_basic
                                  0.784000       4      3.136000  
NAND2V2_140P7T30R  scc28nhkcp_hdc30p140_rvt_tt_v0p9_25c_basic
                                  0.294000     299     87.906000  
NAND2V3_140P7T30R  scc28nhkcp_hdc30p140_rvt_tt_v0p9_25c_basic
                                  0.490000       1      0.490000  
NAND2V6_140P7T30R  scc28nhkcp_hdc30p140_rvt_tt_v0p9_25c_basic
                                  0.686000       2      1.372000  
NAND2XBV2_140P7T30R
                   scc28nhkcp_hdc30p140_rvt_tt_v0p9_25c_basic
                                  0.392000      14      5.488000  
NAND2XBV4_140P7T30R
                   scc28nhkcp_hdc30p140_rvt_tt_v0p9_25c_basic
                                  0.588000       3      1.764000  
NAND2XBV8_140P7T30R
                   scc28nhkcp_hdc30p140_rvt_tt_v0p9_25c_basic
                                  1.176000       2      2.352000  
NAND3V2_140P7T30R  scc28nhkcp_hdc30p140_rvt_tt_v0p9_25c_basic
                                  0.392000      14      5.488000  
NAND3V4_140P7T30R  scc28nhkcp_hdc30p140_rvt_tt_v0p9_25c_basic
                                  0.686000       1      0.686000  
NAND4V1P5_140P7T30R
                   scc28nhkcp_hdc30p140_rvt_tt_v0p9_25c_basic
                                  0.490000      22     10.780000  
NAND4XXBBV2_140P7T30R
                   scc28nhkcp_hdc30p140_rvt_tt_v0p9_25c_basic
                                  0.588000       2      1.176000  
NOR2V2_140P7T30R   scc28nhkcp_hdc30p140_rvt_tt_v0p9_25c_basic
                                  0.294000     245     72.030000  
NOR2V4_140P7T30R   scc28nhkcp_hdc30p140_rvt_tt_v0p9_25c_basic
                                  0.490000       4      1.960000  
NOR2V8_140P7T30R   scc28nhkcp_hdc30p140_rvt_tt_v0p9_25c_basic
                                  0.882000       2      1.764000  
NOR2V12_140P7T30R  scc28nhkcp_hdc30p140_rvt_tt_v0p9_25c_basic
                                  1.274000       1      1.274000  
NOR2XBV2_140P7T30R scc28nhkcp_hdc30p140_rvt_tt_v0p9_25c_basic
                                  0.392000      34     13.328000  
NOR2XBV8_140P7T30R scc28nhkcp_hdc30p140_rvt_tt_v0p9_25c_basic
                                  1.176000       1      1.176000  
NOR3V2_140P7T30R   scc28nhkcp_hdc30p140_rvt_tt_v0p9_25c_basic
                                  0.392000      14      5.488000  
NOR4V2_140P7T30R   scc28nhkcp_hdc30p140_rvt_tt_v0p9_25c_basic
                                  0.490000      27     13.230000  
OA1B2V2_140P7T30R  scc28nhkcp_hdc30p140_rvt_tt_v0p9_25c_basic
                                  0.490000       2      0.980000  
OA12V2_140P7T30R   scc28nhkcp_hdc30p140_rvt_tt_v0p9_25c_basic
                                  0.490000      25     12.250000  
OA22V2_140P7T30R   scc28nhkcp_hdc30p140_rvt_tt_v0p9_25c_basic
                                  0.686000      10      6.860000  
OAI12V2M_140P7T30R scc28nhkcp_hdc30p140_rvt_tt_v0p9_25c_basic
                                  0.490000       1      0.490000  
OAI12V2_140P7T30R  scc28nhkcp_hdc30p140_rvt_tt_v0p9_25c_basic
                                  0.392000     306    119.951997  
OAI12V4_140P7T30R  scc28nhkcp_hdc30p140_rvt_tt_v0p9_25c_basic
                                  0.686000      16     10.976000  
OAI12V6_140P7T30R  scc28nhkcp_hdc30p140_rvt_tt_v0p9_25c_basic
                                  0.980000       3      2.940000  
OAI13V2_140P7T30R  scc28nhkcp_hdc30p140_rvt_tt_v0p9_25c_basic
                                  0.490000       2      0.980000  
OAI21BV2_140P7T30R scc28nhkcp_hdc30p140_rvt_tt_v0p9_25c_basic
                                  0.588000       1      0.588000  
OAI22V1_140P7T30R  scc28nhkcp_hdc30p140_rvt_tt_v0p9_25c_basic
                                  0.490000      90     44.100001  
OAI112V2_140P7T30R scc28nhkcp_hdc30p140_rvt_tt_v0p9_25c_basic
                                  0.490000      37     18.130000  
OAI222V2_140P7T30R scc28nhkcp_hdc30p140_rvt_tt_v0p9_25c_basic
                                  0.784000       3      2.352000  
OR2V2_140P7T30R    scc28nhkcp_hdc30p140_rvt_tt_v0p9_25c_basic
                                  0.392000      61     23.911999  
OR2V6_140P7T30R    scc28nhkcp_hdc30p140_rvt_tt_v0p9_25c_basic
                                  0.784000       1      0.784000  
OR3V2_140P7T30R    scc28nhkcp_hdc30p140_rvt_tt_v0p9_25c_basic
                                  0.490000       1      0.490000  
OR4V2_140P7T30R    scc28nhkcp_hdc30p140_rvt_tt_v0p9_25c_basic
                                  0.588000       1      0.588000  
XNOR2V2_140P7T30R  scc28nhkcp_hdc30p140_rvt_tt_v0p9_25c_basic
                                  0.588000      55     32.340000  
XNOR2V4_140P7T30R  scc28nhkcp_hdc30p140_rvt_tt_v0p9_25c_basic
                                  0.980000       2      1.960000  
XOR2V2_140P7T30R   scc28nhkcp_hdc30p140_rvt_tt_v0p9_25c_basic
                                  0.588000     260    152.880000  
-----------------------------------------------------------------------------
Total 68 references                                  1905.609999
1
