==== DC tech=smic28 corner=ss_100C_1v60 design=matrix_int8_pe period_ns=1.0 (compile_ultra) ====
Information: Updating design information... (UID-85)

****************************************
Report : timing
        -path full
        -delay max
        -max_paths 10
        -sort_by slack
Design : matrix_int8_pe_probe
Version: O-2018.06-SP1
Date   : Tue Aug 18 22:14:19 2026
****************************************

Operating Conditions: ssg_v0p81_125c   Library: scc28nhkcp_hdc30p140_rvt_ssg_v0p81_125c_basic
Wire Load Model Mode: top

  Startpoint: launch_act0_reg[2]
              (rising edge-triggered flip-flop clocked by clk)
  Endpoint: u_pe/psum_south_reg[17]
            (rising edge-triggered flip-flop clocked by clk)
  Path Group: clk
  Path Type: max

  Point                                                   Incr       Path
  --------------------------------------------------------------------------
  clock clk (rise edge)                                   0.00       0.00
  clock network delay (ideal)                             0.00       0.00
  launch_act0_reg[2]/CK (DQV2_140P7T30R)                  0.00       0.00 r
  launch_act0_reg[2]/Q (DQV2_140P7T30R)                   0.06       0.06 f
  u_pe/act0_west[2] (matrix_int8_pe)                      0.00       0.06 f
  u_pe/U34/ZN (INV2_140P7T30R)                            0.02       0.08 r
  u_pe/U66/ZN (NAND2V2_140P7T30R)                         0.01       0.09 f
  u_pe/U23/ZN (NOR2V4_140P7T30R)                          0.02       0.11 r
  u_pe/U554/ZN (XNOR2V2_140P7T30R)                        0.03       0.14 r
  u_pe/U555/ZN (NAND2V2_140P7T30R)                        0.01       0.16 f
  u_pe/U98/Z (OA12V4_140P7T30R)                           0.03       0.19 f
  u_pe/U18/ZN (NOR2V2_140P7T30R)                          0.02       0.21 r
  u_pe/U624/S (ADH1V2_140P7T30R)                          0.05       0.26 f
  u_pe/U631/CO (AD1V4_140P7T30R)                          0.05       0.30 f
  u_pe/U628/CO (AD1V4_140P7T30R)                          0.04       0.34 f
  u_pe/U650/S (AD1V2_140P7T30R)                           0.07       0.41 r
  u_pe/U10/Z (OR2V2_140P7T30R)                            0.02       0.43 r
  u_pe/U686/ZN (NAND2V2_140P7T30R)                        0.01       0.45 f
  u_pe/U687/ZN (XNOR2V2_140P7T30R)                        0.03       0.48 f
  u_pe/U302/ZN (INV2_140P7T30R)                           0.02       0.50 r
  u_pe/U695/ZN (NAND2V2_140P7T30R)                        0.02       0.52 f
  u_pe/U696/ZN (NOR2V2_140P7T30R)                         0.03       0.54 r
  u_pe/U697/ZN (NAND2V2_140P7T30R)                        0.02       0.57 f
  u_pe/U731/Z (XOR2V2_140P7T30R)                          0.03       0.60 f
  u_pe/U81/ZN (NAND2V2_140P7T30R)                         0.01       0.61 r
  u_pe/U80/ZN (OAI12V2_140P7T30R)                         0.02       0.63 f
  u_pe/U753/ZN (XNOR2V2_140P7T30R)                        0.03       0.67 f
  u_pe/U258/Z (XOR2V2_140P7T30R)                          0.04       0.70 f
  u_pe/U336/Z (OR2V2_140P7T30R)                           0.03       0.74 f
  u_pe/U48/Z (AO12V2_140P7T30R)                           0.03       0.76 f
  u_pe/U73/ZN (CLKNAND2V4_140P7T30R)                      0.01       0.78 r
  u_pe/U72/ZN (NAND2XBV4_140P7T30R)                       0.01       0.79 f
  u_pe/U71/ZN (AOI12V4_140P7T30R)                         0.02       0.81 r
  u_pe/U809/Z (OA12V6_140P7T30R)                          0.03       0.84 r
  u_pe/U148/ZN (OAI12V4_140P7T30R)                        0.01       0.85 f
  u_pe/U147/ZN (INV5_140P7T30R)                           0.01       0.86 r
  u_pe/U816/ZN (OAI12V6_140P7T30R)                        0.01       0.88 f
  u_pe/U145/Z (BUFV16_140P7T30R)                          0.02       0.90 f
  u_pe/U1043/ZN (AOI12V4_140P7T30R)                       0.02       0.92 r
  u_pe/U70/Z (CLKXOR2V1P5_140P7T30R)                      0.03       0.95 r
  u_pe/U69/ZN (NAND2V2_140P7T30R)                         0.01       0.96 f
  u_pe/U114/Z (AO1B2V2_140P7T30R)                         0.01       0.97 r
  u_pe/psum_south_reg[17]/D (DQV2_140P7T30R)              0.00       0.97 r
  data arrival time                                                  0.97

  clock clk (rise edge)                                   1.00       1.00
  clock network delay (ideal)                             0.00       1.00
  u_pe/psum_south_reg[17]/CK (DQV2_140P7T30R)             0.00       1.00 r
  library setup time                                     -0.03       0.97
  data required time                                                 0.97
  --------------------------------------------------------------------------
  data required time                                                 0.97
  data arrival time                                                 -0.97
  --------------------------------------------------------------------------
  slack (MET)                                                        0.00


  Startpoint: launch_act0_reg[2]
              (rising edge-triggered flip-flop clocked by clk)
  Endpoint: u_pe/psum_south_reg[31]
            (rising edge-triggered flip-flop clocked by clk)
  Path Group: clk
  Path Type: max

  Point                                                   Incr       Path
  --------------------------------------------------------------------------
  clock clk (rise edge)                                   0.00       0.00
  clock network delay (ideal)                             0.00       0.00
  launch_act0_reg[2]/CK (DQV2_140P7T30R)                  0.00       0.00 r
  launch_act0_reg[2]/Q (DQV2_140P7T30R)                   0.06       0.06 f
  u_pe/act0_west[2] (matrix_int8_pe)                      0.00       0.06 f
  u_pe/U34/ZN (INV2_140P7T30R)                            0.02       0.08 r
  u_pe/U66/ZN (NAND2V2_140P7T30R)                         0.01       0.09 f
  u_pe/U23/ZN (NOR2V4_140P7T30R)                          0.02       0.11 r
  u_pe/U554/ZN (XNOR2V2_140P7T30R)                        0.03       0.14 r
  u_pe/U555/ZN (NAND2V2_140P7T30R)                        0.01       0.16 f
  u_pe/U98/Z (OA12V4_140P7T30R)                           0.03       0.19 f
  u_pe/U18/ZN (NOR2V2_140P7T30R)                          0.02       0.21 r
  u_pe/U624/S (ADH1V2_140P7T30R)                          0.05       0.26 f
  u_pe/U631/CO (AD1V4_140P7T30R)                          0.05       0.30 f
  u_pe/U628/CO (AD1V4_140P7T30R)                          0.04       0.34 f
  u_pe/U650/S (AD1V2_140P7T30R)                           0.07       0.41 r
  u_pe/U10/Z (OR2V2_140P7T30R)                            0.02       0.43 r
  u_pe/U686/ZN (NAND2V2_140P7T30R)                        0.01       0.45 f
  u_pe/U687/ZN (XNOR2V2_140P7T30R)                        0.03       0.48 f
  u_pe/U302/ZN (INV2_140P7T30R)                           0.02       0.50 r
  u_pe/U695/ZN (NAND2V2_140P7T30R)                        0.02       0.52 f
  u_pe/U696/ZN (NOR2V2_140P7T30R)                         0.03       0.54 r
  u_pe/U697/ZN (NAND2V2_140P7T30R)                        0.02       0.57 f
  u_pe/U731/Z (XOR2V2_140P7T30R)                          0.03       0.60 f
  u_pe/U81/ZN (NAND2V2_140P7T30R)                         0.01       0.61 r
  u_pe/U80/ZN (OAI12V2_140P7T30R)                         0.02       0.63 f
  u_pe/U753/ZN (XNOR2V2_140P7T30R)                        0.03       0.67 f
  u_pe/U258/Z (XOR2V2_140P7T30R)                          0.04       0.70 f
  u_pe/U336/Z (OR2V2_140P7T30R)                           0.03       0.74 f
  u_pe/U48/Z (AO12V2_140P7T30R)                           0.03       0.76 f
  u_pe/U73/ZN (CLKNAND2V4_140P7T30R)                      0.01       0.78 r
  u_pe/U72/ZN (NAND2XBV4_140P7T30R)                       0.01       0.79 f
  u_pe/U71/ZN (AOI12V4_140P7T30R)                         0.02       0.81 r
  u_pe/U809/Z (OA12V6_140P7T30R)                          0.03       0.84 r
  u_pe/U148/ZN (OAI12V4_140P7T30R)                        0.01       0.85 f
  u_pe/U147/ZN (INV5_140P7T30R)                           0.01       0.86 r
  u_pe/U816/ZN (OAI12V6_140P7T30R)                        0.01       0.88 f
  u_pe/U145/Z (BUFV16_140P7T30R)                          0.02       0.90 f
  u_pe/U144/ZN (AOI12V4_140P7T30R)                        0.02       0.92 r
  u_pe/U139/Z (CLKXOR2V1P5_140P7T30R)                     0.03       0.95 r
  u_pe/U125/ZN (NAND2V2_140P7T30R)                        0.01       0.96 f
  u_pe/U117/Z (AO1B2V2_140P7T30R)                         0.01       0.97 r
  u_pe/psum_south_reg[31]/D (DQV2_140P7T30R)              0.00       0.97 r
  data arrival time                                                  0.97

  clock clk (rise edge)                                   1.00       1.00
  clock network delay (ideal)                             0.00       1.00
  u_pe/psum_south_reg[31]/CK (DQV2_140P7T30R)             0.00       1.00 r
  library setup time                                     -0.03       0.97
  data required time                                                 0.97
  --------------------------------------------------------------------------
  data required time                                                 0.97
  data arrival time                                                 -0.97
  --------------------------------------------------------------------------
  slack (MET)                                                        0.00


  Startpoint: launch_act0_reg[2]
              (rising edge-triggered flip-flop clocked by clk)
  Endpoint: u_pe/psum_south_reg[21]
            (rising edge-triggered flip-flop clocked by clk)
  Path Group: clk
  Path Type: max

  Point                                                   Incr       Path
  --------------------------------------------------------------------------
  clock clk (rise edge)                                   0.00       0.00
  clock network delay (ideal)                             0.00       0.00
  launch_act0_reg[2]/CK (DQV2_140P7T30R)                  0.00       0.00 r
  launch_act0_reg[2]/Q (DQV2_140P7T30R)                   0.06       0.06 f
  u_pe/act0_west[2] (matrix_int8_pe)                      0.00       0.06 f
  u_pe/U34/ZN (INV2_140P7T30R)                            0.02       0.08 r
  u_pe/U66/ZN (NAND2V2_140P7T30R)                         0.01       0.09 f
  u_pe/U23/ZN (NOR2V4_140P7T30R)                          0.02       0.11 r
  u_pe/U554/ZN (XNOR2V2_140P7T30R)                        0.03       0.14 r
  u_pe/U555/ZN (NAND2V2_140P7T30R)                        0.01       0.16 f
  u_pe/U98/Z (OA12V4_140P7T30R)                           0.03       0.19 f
  u_pe/U18/ZN (NOR2V2_140P7T30R)                          0.02       0.21 r
  u_pe/U624/S (ADH1V2_140P7T30R)                          0.05       0.26 f
  u_pe/U631/CO (AD1V4_140P7T30R)                          0.05       0.30 f
  u_pe/U628/CO (AD1V4_140P7T30R)                          0.04       0.34 f
  u_pe/U650/S (AD1V2_140P7T30R)                           0.07       0.41 r
  u_pe/U10/Z (OR2V2_140P7T30R)                            0.02       0.43 r
  u_pe/U686/ZN (NAND2V2_140P7T30R)                        0.01       0.45 f
  u_pe/U687/ZN (XNOR2V2_140P7T30R)                        0.03       0.48 f
  u_pe/U302/ZN (INV2_140P7T30R)                           0.02       0.50 r
  u_pe/U695/ZN (NAND2V2_140P7T30R)                        0.02       0.52 f
  u_pe/U696/ZN (NOR2V2_140P7T30R)                         0.03       0.54 r
  u_pe/U697/ZN (NAND2V2_140P7T30R)                        0.02       0.57 f
  u_pe/U731/Z (XOR2V2_140P7T30R)                          0.03       0.60 f
  u_pe/U81/ZN (NAND2V2_140P7T30R)                         0.01       0.61 r
  u_pe/U80/ZN (OAI12V2_140P7T30R)                         0.02       0.63 f
  u_pe/U753/ZN (XNOR2V2_140P7T30R)                        0.03       0.67 f
  u_pe/U258/Z (XOR2V2_140P7T30R)                          0.04       0.70 f
  u_pe/U336/Z (OR2V2_140P7T30R)                           0.03       0.74 f
  u_pe/U48/Z (AO12V2_140P7T30R)                           0.03       0.76 f
  u_pe/U73/ZN (CLKNAND2V4_140P7T30R)                      0.01       0.78 r
  u_pe/U72/ZN (NAND2XBV4_140P7T30R)                       0.01       0.79 f
  u_pe/U71/ZN (AOI12V4_140P7T30R)                         0.02       0.81 r
  u_pe/U809/Z (OA12V6_140P7T30R)                          0.03       0.84 r
  u_pe/U148/ZN (OAI12V4_140P7T30R)                        0.01       0.85 f
  u_pe/U147/ZN (INV5_140P7T30R)                           0.01       0.86 r
  u_pe/U816/ZN (OAI12V6_140P7T30R)                        0.01       0.88 f
  u_pe/U145/Z (BUFV16_140P7T30R)                          0.02       0.90 f
  u_pe/U273/ZN (AOI12V4_140P7T30R)                        0.02       0.92 r
  u_pe/U46/Z (XOR2V2_140P7T30R)                           0.03       0.95 r
  u_pe/U130/ZN (NAND2V2_140P7T30R)                        0.01       0.96 f
  u_pe/U120/Z (AO1B2V2_140P7T30R)                         0.01       0.97 r
  u_pe/psum_south_reg[21]/D (DQV2_140P7T30R)              0.00       0.97 r
  data arrival time                                                  0.97

  clock clk (rise edge)                                   1.00       1.00
  clock network delay (ideal)                             0.00       1.00
  u_pe/psum_south_reg[21]/CK (DQV2_140P7T30R)             0.00       1.00 r
  library setup time                                     -0.03       0.97
  data required time                                                 0.97
  --------------------------------------------------------------------------
  data required time                                                 0.97
  data arrival time                                                 -0.97
  --------------------------------------------------------------------------
  slack (MET)                                                        0.00


  Startpoint: launch_act0_reg[2]
              (rising edge-triggered flip-flop clocked by clk)
  Endpoint: u_pe/psum_south_reg[28]
            (rising edge-triggered flip-flop clocked by clk)
  Path Group: clk
  Path Type: max

  Point                                                   Incr       Path
  --------------------------------------------------------------------------
  clock clk (rise edge)                                   0.00       0.00
  clock network delay (ideal)                             0.00       0.00
  launch_act0_reg[2]/CK (DQV2_140P7T30R)                  0.00       0.00 r
  launch_act0_reg[2]/Q (DQV2_140P7T30R)                   0.06       0.06 f
  u_pe/act0_west[2] (matrix_int8_pe)                      0.00       0.06 f
  u_pe/U34/ZN (INV2_140P7T30R)                            0.02       0.08 r
  u_pe/U66/ZN (NAND2V2_140P7T30R)                         0.01       0.09 f
  u_pe/U23/ZN (NOR2V4_140P7T30R)                          0.02       0.11 r
  u_pe/U554/ZN (XNOR2V2_140P7T30R)                        0.03       0.14 r
  u_pe/U555/ZN (NAND2V2_140P7T30R)                        0.01       0.16 f
  u_pe/U98/Z (OA12V4_140P7T30R)                           0.03       0.19 f
  u_pe/U18/ZN (NOR2V2_140P7T30R)                          0.02       0.21 r
  u_pe/U624/S (ADH1V2_140P7T30R)                          0.05       0.26 f
  u_pe/U631/CO (AD1V4_140P7T30R)                          0.05       0.30 f
  u_pe/U628/CO (AD1V4_140P7T30R)                          0.04       0.34 f
  u_pe/U650/S (AD1V2_140P7T30R)                           0.07       0.41 r
  u_pe/U10/Z (OR2V2_140P7T30R)                            0.02       0.43 r
  u_pe/U686/ZN (NAND2V2_140P7T30R)                        0.01       0.45 f
  u_pe/U687/ZN (XNOR2V2_140P7T30R)                        0.03       0.48 f
  u_pe/U302/ZN (INV2_140P7T30R)                           0.02       0.50 r
  u_pe/U695/ZN (NAND2V2_140P7T30R)                        0.02       0.52 f
  u_pe/U696/ZN (NOR2V2_140P7T30R)                         0.03       0.54 r
  u_pe/U697/ZN (NAND2V2_140P7T30R)                        0.02       0.57 f
  u_pe/U731/Z (XOR2V2_140P7T30R)                          0.03       0.60 f
  u_pe/U81/ZN (NAND2V2_140P7T30R)                         0.01       0.61 r
  u_pe/U80/ZN (OAI12V2_140P7T30R)                         0.02       0.63 f
  u_pe/U753/ZN (XNOR2V2_140P7T30R)                        0.03       0.67 f
  u_pe/U258/Z (XOR2V2_140P7T30R)                          0.04       0.70 f
  u_pe/U336/Z (OR2V2_140P7T30R)                           0.03       0.74 f
  u_pe/U48/Z (AO12V2_140P7T30R)                           0.03       0.76 f
  u_pe/U73/ZN (CLKNAND2V4_140P7T30R)                      0.01       0.78 r
  u_pe/U72/ZN (NAND2XBV4_140P7T30R)                       0.01       0.79 f
  u_pe/U71/ZN (AOI12V4_140P7T30R)                         0.02       0.81 r
  u_pe/U809/Z (OA12V6_140P7T30R)                          0.03       0.84 r
  u_pe/U148/ZN (OAI12V4_140P7T30R)                        0.01       0.85 f
  u_pe/U147/ZN (INV5_140P7T30R)                           0.01       0.86 r
  u_pe/U816/ZN (OAI12V6_140P7T30R)                        0.01       0.88 f
  u_pe/U145/Z (BUFV16_140P7T30R)                          0.02       0.90 f
  u_pe/U143/ZN (AOI12V4_140P7T30R)                        0.02       0.92 r
  u_pe/U138/Z (CLKXOR2V1P5_140P7T30R)                     0.03       0.95 r
  u_pe/U135/ZN (NAND2V2_140P7T30R)                        0.01       0.96 f
  u_pe/U112/Z (AO1B2V2_140P7T30R)                         0.01       0.97 r
  u_pe/psum_south_reg[28]/D (DQV2_140P7T30R)              0.00       0.97 r
  data arrival time                                                  0.97

  clock clk (rise edge)                                   1.00       1.00
  clock network delay (ideal)                             0.00       1.00
  u_pe/psum_south_reg[28]/CK (DQV2_140P7T30R)             0.00       1.00 r
  library setup time                                     -0.03       0.97
  data required time                                                 0.97
  --------------------------------------------------------------------------
  data required time                                                 0.97
  data arrival time                                                 -0.97
  --------------------------------------------------------------------------
  slack (MET)                                                        0.00


  Startpoint: launch_act0_reg[2]
              (rising edge-triggered flip-flop clocked by clk)
  Endpoint: u_pe/psum_south_reg[24]
            (rising edge-triggered flip-flop clocked by clk)
  Path Group: clk
  Path Type: max

  Point                                                   Incr       Path
  --------------------------------------------------------------------------
  clock clk (rise edge)                                   0.00       0.00
  clock network delay (ideal)                             0.00       0.00
  launch_act0_reg[2]/CK (DQV2_140P7T30R)                  0.00       0.00 r
  launch_act0_reg[2]/Q (DQV2_140P7T30R)                   0.06       0.06 f
  u_pe/act0_west[2] (matrix_int8_pe)                      0.00       0.06 f
  u_pe/U34/ZN (INV2_140P7T30R)                            0.02       0.08 r
  u_pe/U66/ZN (NAND2V2_140P7T30R)                         0.01       0.09 f
  u_pe/U23/ZN (NOR2V4_140P7T30R)                          0.02       0.11 r
  u_pe/U554/ZN (XNOR2V2_140P7T30R)                        0.03       0.14 r
  u_pe/U555/ZN (NAND2V2_140P7T30R)                        0.01       0.16 f
  u_pe/U98/Z (OA12V4_140P7T30R)                           0.03       0.19 f
  u_pe/U18/ZN (NOR2V2_140P7T30R)                          0.02       0.21 r
  u_pe/U624/S (ADH1V2_140P7T30R)                          0.05       0.26 f
  u_pe/U631/CO (AD1V4_140P7T30R)                          0.05       0.30 f
  u_pe/U628/CO (AD1V4_140P7T30R)                          0.04       0.34 f
  u_pe/U650/S (AD1V2_140P7T30R)                           0.07       0.41 r
  u_pe/U10/Z (OR2V2_140P7T30R)                            0.02       0.43 r
  u_pe/U686/ZN (NAND2V2_140P7T30R)                        0.01       0.45 f
  u_pe/U687/ZN (XNOR2V2_140P7T30R)                        0.03       0.48 f
  u_pe/U302/ZN (INV2_140P7T30R)                           0.02       0.50 r
  u_pe/U695/ZN (NAND2V2_140P7T30R)                        0.02       0.52 f
  u_pe/U696/ZN (NOR2V2_140P7T30R)                         0.03       0.54 r
  u_pe/U697/ZN (NAND2V2_140P7T30R)                        0.02       0.57 f
  u_pe/U731/Z (XOR2V2_140P7T30R)                          0.03       0.60 f
  u_pe/U81/ZN (NAND2V2_140P7T30R)                         0.01       0.61 r
  u_pe/U80/ZN (OAI12V2_140P7T30R)                         0.02       0.63 f
  u_pe/U753/ZN (XNOR2V2_140P7T30R)                        0.03       0.67 f
  u_pe/U258/Z (XOR2V2_140P7T30R)                          0.04       0.70 f
  u_pe/U336/Z (OR2V2_140P7T30R)                           0.03       0.74 f
  u_pe/U48/Z (AO12V2_140P7T30R)                           0.03       0.76 f
  u_pe/U73/ZN (CLKNAND2V4_140P7T30R)                      0.01       0.78 r
  u_pe/U72/ZN (NAND2XBV4_140P7T30R)                       0.01       0.79 f
  u_pe/U71/ZN (AOI12V4_140P7T30R)                         0.02       0.81 r
  u_pe/U809/Z (OA12V6_140P7T30R)                          0.03       0.84 r
  u_pe/U148/ZN (OAI12V4_140P7T30R)                        0.01       0.85 f
  u_pe/U147/ZN (INV5_140P7T30R)                           0.01       0.86 r
  u_pe/U816/ZN (OAI12V6_140P7T30R)                        0.01       0.88 f
  u_pe/U145/Z (BUFV16_140P7T30R)                          0.02       0.90 f
  u_pe/U142/ZN (AOI12V4_140P7T30R)                        0.02       0.92 r
  u_pe/U137/Z (CLKXOR2V1P5_140P7T30R)                     0.03       0.95 r
  u_pe/U123/ZN (NAND2V2_140P7T30R)                        0.01       0.96 f
  u_pe/U122/Z (AO1B2V2_140P7T30R)                         0.01       0.97 r
  u_pe/psum_south_reg[24]/D (DQV2_140P7T30R)              0.00       0.97 r
  data arrival time                                                  0.97

  clock clk (rise edge)                                   1.00       1.00
  clock network delay (ideal)                             0.00       1.00
  u_pe/psum_south_reg[24]/CK (DQV2_140P7T30R)             0.00       1.00 r
  library setup time                                     -0.03       0.97
  data required time                                                 0.97
  --------------------------------------------------------------------------
  data required time                                                 0.97
  data arrival time                                                 -0.97
  --------------------------------------------------------------------------
  slack (MET)                                                        0.00


  Startpoint: launch_act0_reg[2]
              (rising edge-triggered flip-flop clocked by clk)
  Endpoint: u_pe/psum_south_reg[22]
            (rising edge-triggered flip-flop clocked by clk)
  Path Group: clk
  Path Type: max

  Point                                                   Incr       Path
  --------------------------------------------------------------------------
  clock clk (rise edge)                                   0.00       0.00
  clock network delay (ideal)                             0.00       0.00
  launch_act0_reg[2]/CK (DQV2_140P7T30R)                  0.00       0.00 r
  launch_act0_reg[2]/Q (DQV2_140P7T30R)                   0.06       0.06 f
  u_pe/act0_west[2] (matrix_int8_pe)                      0.00       0.06 f
  u_pe/U34/ZN (INV2_140P7T30R)                            0.02       0.08 r
  u_pe/U66/ZN (NAND2V2_140P7T30R)                         0.01       0.09 f
  u_pe/U23/ZN (NOR2V4_140P7T30R)                          0.02       0.11 r
  u_pe/U554/ZN (XNOR2V2_140P7T30R)                        0.03       0.14 r
  u_pe/U555/ZN (NAND2V2_140P7T30R)                        0.01       0.16 f
  u_pe/U98/Z (OA12V4_140P7T30R)                           0.03       0.19 f
  u_pe/U18/ZN (NOR2V2_140P7T30R)                          0.02       0.21 r
  u_pe/U624/S (ADH1V2_140P7T30R)                          0.05       0.26 f
  u_pe/U631/CO (AD1V4_140P7T30R)                          0.05       0.30 f
  u_pe/U628/CO (AD1V4_140P7T30R)                          0.04       0.34 f
  u_pe/U650/S (AD1V2_140P7T30R)                           0.07       0.41 r
  u_pe/U10/Z (OR2V2_140P7T30R)                            0.02       0.43 r
  u_pe/U686/ZN (NAND2V2_140P7T30R)                        0.01       0.45 f
  u_pe/U687/ZN (XNOR2V2_140P7T30R)                        0.03       0.48 f
  u_pe/U302/ZN (INV2_140P7T30R)                           0.02       0.50 r
  u_pe/U695/ZN (NAND2V2_140P7T30R)                        0.02       0.52 f
  u_pe/U696/ZN (NOR2V2_140P7T30R)                         0.03       0.54 r
  u_pe/U697/ZN (NAND2V2_140P7T30R)                        0.02       0.57 f
  u_pe/U731/Z (XOR2V2_140P7T30R)                          0.03       0.60 f
  u_pe/U81/ZN (NAND2V2_140P7T30R)                         0.01       0.61 r
  u_pe/U80/ZN (OAI12V2_140P7T30R)                         0.02       0.63 f
  u_pe/U753/ZN (XNOR2V2_140P7T30R)                        0.03       0.67 f
  u_pe/U258/Z (XOR2V2_140P7T30R)                          0.04       0.70 f
  u_pe/U336/Z (OR2V2_140P7T30R)                           0.03       0.74 f
  u_pe/U48/Z (AO12V2_140P7T30R)                           0.03       0.76 f
  u_pe/U73/ZN (CLKNAND2V4_140P7T30R)                      0.01       0.78 r
  u_pe/U72/ZN (NAND2XBV4_140P7T30R)                       0.01       0.79 f
  u_pe/U71/ZN (AOI12V4_140P7T30R)                         0.02       0.81 r
  u_pe/U809/Z (OA12V6_140P7T30R)                          0.03       0.84 r
  u_pe/U148/ZN (OAI12V4_140P7T30R)                        0.01       0.85 f
  u_pe/U147/ZN (INV5_140P7T30R)                           0.01       0.86 r
  u_pe/U816/ZN (OAI12V6_140P7T30R)                        0.01       0.88 f
  u_pe/U145/Z (BUFV16_140P7T30R)                          0.02       0.90 f
  u_pe/U224/ZN (AOI12V4_140P7T30R)                        0.02       0.92 r
  u_pe/U140/Z (CLKXOR2V1P5_140P7T30R)                     0.03       0.95 r
  u_pe/U136/ZN (NAND2V2_140P7T30R)                        0.01       0.96 f
  u_pe/U373/Z (AO1B2V2_140P7T30R)                         0.01       0.97 r
  u_pe/psum_south_reg[22]/D (DQV2_140P7T30R)              0.00       0.97 r
  data arrival time                                                  0.97

  clock clk (rise edge)                                   1.00       1.00
  clock network delay (ideal)                             0.00       1.00
  u_pe/psum_south_reg[22]/CK (DQV2_140P7T30R)             0.00       1.00 r
  library setup time                                     -0.03       0.97
  data required time                                                 0.97
  --------------------------------------------------------------------------
  data required time                                                 0.97
  data arrival time                                                 -0.97
  --------------------------------------------------------------------------
  slack (MET)                                                        0.00


  Startpoint: launch_act0_reg[2]
              (rising edge-triggered flip-flop clocked by clk)
  Endpoint: u_pe/psum_south_reg[16]
            (rising edge-triggered flip-flop clocked by clk)
  Path Group: clk
  Path Type: max

  Point                                                   Incr       Path
  --------------------------------------------------------------------------
  clock clk (rise edge)                                   0.00       0.00
  clock network delay (ideal)                             0.00       0.00
  launch_act0_reg[2]/CK (DQV2_140P7T30R)                  0.00       0.00 r
  launch_act0_reg[2]/Q (DQV2_140P7T30R)                   0.06       0.06 f
  u_pe/act0_west[2] (matrix_int8_pe)                      0.00       0.06 f
  u_pe/U34/ZN (INV2_140P7T30R)                            0.02       0.08 r
  u_pe/U66/ZN (NAND2V2_140P7T30R)                         0.01       0.09 f
  u_pe/U23/ZN (NOR2V4_140P7T30R)                          0.02       0.11 r
  u_pe/U554/ZN (XNOR2V2_140P7T30R)                        0.03       0.14 r
  u_pe/U555/ZN (NAND2V2_140P7T30R)                        0.01       0.16 f
  u_pe/U98/Z (OA12V4_140P7T30R)                           0.03       0.19 f
  u_pe/U18/ZN (NOR2V2_140P7T30R)                          0.02       0.21 r
  u_pe/U624/S (ADH1V2_140P7T30R)                          0.05       0.26 f
  u_pe/U631/CO (AD1V4_140P7T30R)                          0.05       0.30 f
  u_pe/U628/S (AD1V4_140P7T30R)                           0.07       0.37 r
  u_pe/U630/ZN (NOR2V2_140P7T30R)                         0.01       0.38 f
  u_pe/U688/ZN (INV2_140P7T30R)                           0.01       0.39 r
  u_pe/U88/ZN (NAND2V2_140P7T30R)                         0.01       0.41 f
  u_pe/U315/Z (XOR2V2_140P7T30R)                          0.04       0.44 f
  u_pe/U743/ZN (XNOR2V2_140P7T30R)                        0.03       0.47 f
  u_pe/U744/ZN (NAND2V2_140P7T30R)                        0.01       0.49 r
  u_pe/U204/ZN (OAI12V2_140P7T30R)                        0.02       0.51 f
  u_pe/U773/CO (AD1V4_140P7T30R)                          0.05       0.55 f
  u_pe/U768/CO (AD1V4_140P7T30R)                          0.05       0.60 f
  u_pe/U763/S (AD1V4_140P7T30R)                           0.07       0.67 r
  u_pe/U767/ZN (NOR2V2_140P7T30R)                         0.01       0.68 f
  u_pe/U371/Z (OA12V2_140P7T30R)                          0.04       0.71 f
  u_pe/U189/ZN (OAI12V4_140P7T30R)                        0.02       0.74 r
  u_pe/U48/Z (AO12V2_140P7T30R)                           0.03       0.77 r
  u_pe/U73/ZN (CLKNAND2V4_140P7T30R)                      0.01       0.78 f
  u_pe/U72/ZN (NAND2XBV4_140P7T30R)                       0.01       0.79 r
  u_pe/U71/ZN (AOI12V4_140P7T30R)                         0.02       0.81 f
  u_pe/U809/Z (OA12V6_140P7T30R)                          0.03       0.84 f
  u_pe/U148/ZN (OAI12V4_140P7T30R)                        0.02       0.85 r
  u_pe/U147/ZN (INV5_140P7T30R)                           0.01       0.86 f
  u_pe/U816/ZN (OAI12V6_140P7T30R)                        0.02       0.88 r
  u_pe/U145/Z (BUFV16_140P7T30R)                          0.02       0.90 r
  u_pe/U141/ZN (AOI12V2_140P7T30R)                        0.02       0.92 f
  u_pe/U311/ZN (XNOR2V2_140P7T30R)                        0.03       0.95 f
  u_pe/U372/ZN (OAI22BBV2_140P7T30R)                      0.02       0.97 r
  u_pe/psum_south_reg[16]/D (DQV2_140P7T30R)              0.00       0.97 r
  data arrival time                                                  0.97

  clock clk (rise edge)                                   1.00       1.00
  clock network delay (ideal)                             0.00       1.00
  u_pe/psum_south_reg[16]/CK (DQV2_140P7T30R)             0.00       1.00 r
  library setup time                                     -0.03       0.97
  data required time                                                 0.97
  --------------------------------------------------------------------------
  data required time                                                 0.97
  data arrival time                                                 -0.97
  --------------------------------------------------------------------------
  slack (MET)                                                        0.00


  Startpoint: launch_act0_reg[2]
              (rising edge-triggered flip-flop clocked by clk)
  Endpoint: u_pe/psum_south_reg[20]
            (rising edge-triggered flip-flop clocked by clk)
  Path Group: clk
  Path Type: max

  Point                                                   Incr       Path
  --------------------------------------------------------------------------
  clock clk (rise edge)                                   0.00       0.00
  clock network delay (ideal)                             0.00       0.00
  launch_act0_reg[2]/CK (DQV2_140P7T30R)                  0.00       0.00 r
  launch_act0_reg[2]/Q (DQV2_140P7T30R)                   0.06       0.06 f
  u_pe/act0_west[2] (matrix_int8_pe)                      0.00       0.06 f
  u_pe/U34/ZN (INV2_140P7T30R)                            0.02       0.08 r
  u_pe/U66/ZN (NAND2V2_140P7T30R)                         0.01       0.09 f
  u_pe/U23/ZN (NOR2V4_140P7T30R)                          0.02       0.11 r
  u_pe/U554/ZN (XNOR2V2_140P7T30R)                        0.03       0.14 r
  u_pe/U555/ZN (NAND2V2_140P7T30R)                        0.01       0.16 f
  u_pe/U98/Z (OA12V4_140P7T30R)                           0.03       0.19 f
  u_pe/U18/ZN (NOR2V2_140P7T30R)                          0.02       0.21 r
  u_pe/U624/S (ADH1V2_140P7T30R)                          0.05       0.26 f
  u_pe/U631/CO (AD1V4_140P7T30R)                          0.05       0.30 f
  u_pe/U628/CO (AD1V4_140P7T30R)                          0.04       0.34 f
  u_pe/U650/S (AD1V2_140P7T30R)                           0.07       0.41 r
  u_pe/U10/Z (OR2V2_140P7T30R)                            0.02       0.43 r
  u_pe/U686/ZN (NAND2V2_140P7T30R)                        0.01       0.45 f
  u_pe/U687/ZN (XNOR2V2_140P7T30R)                        0.03       0.48 f
  u_pe/U302/ZN (INV2_140P7T30R)                           0.02       0.50 r
  u_pe/U695/ZN (NAND2V2_140P7T30R)                        0.02       0.52 f
  u_pe/U696/ZN (NOR2V2_140P7T30R)                         0.03       0.54 r
  u_pe/U697/ZN (NAND2V2_140P7T30R)                        0.02       0.57 f
  u_pe/U731/Z (XOR2V2_140P7T30R)                          0.03       0.60 f
  u_pe/U81/ZN (NAND2V2_140P7T30R)                         0.01       0.61 r
  u_pe/U80/ZN (OAI12V2_140P7T30R)                         0.02       0.63 f
  u_pe/U753/ZN (XNOR2V2_140P7T30R)                        0.03       0.67 f
  u_pe/U258/Z (XOR2V2_140P7T30R)                          0.04       0.70 f
  u_pe/U336/Z (OR2V2_140P7T30R)                           0.03       0.74 f
  u_pe/U48/Z (AO12V2_140P7T30R)                           0.03       0.76 f
  u_pe/U73/ZN (CLKNAND2V4_140P7T30R)                      0.01       0.78 r
  u_pe/U72/ZN (NAND2XBV4_140P7T30R)                       0.01       0.79 f
  u_pe/U71/ZN (AOI12V4_140P7T30R)                         0.02       0.81 r
  u_pe/U809/Z (OA12V6_140P7T30R)                          0.03       0.84 r
  u_pe/U148/ZN (OAI12V4_140P7T30R)                        0.01       0.85 f
  u_pe/U147/ZN (INV5_140P7T30R)                           0.01       0.86 r
  u_pe/U816/ZN (OAI12V6_140P7T30R)                        0.01       0.88 f
  u_pe/U145/Z (BUFV16_140P7T30R)                          0.02       0.90 f
  u_pe/U852/ZN (AOI12V4_140P7T30R)                        0.02       0.92 r
  u_pe/U199/ZN (XNOR2V2_140P7T30R)                        0.03       0.95 r
  u_pe/U133/ZN (NAND2V2_140P7T30R)                        0.01       0.96 f
  u_pe/U115/Z (AO1B2V2_140P7T30R)                         0.01       0.97 r
  u_pe/psum_south_reg[20]/D (DQV2_140P7T30R)              0.00       0.97 r
  data arrival time                                                  0.97

  clock clk (rise edge)                                   1.00       1.00
  clock network delay (ideal)                             0.00       1.00
  u_pe/psum_south_reg[20]/CK (DQV2_140P7T30R)             0.00       1.00 r
  library setup time                                     -0.03       0.97
  data required time                                                 0.97
  --------------------------------------------------------------------------
  data required time                                                 0.97
  data arrival time                                                 -0.97
  --------------------------------------------------------------------------
  slack (MET)                                                        0.00


  Startpoint: launch_act0_reg[2]
              (rising edge-triggered flip-flop clocked by clk)
  Endpoint: u_pe/psum_south_reg[19]
            (rising edge-triggered flip-flop clocked by clk)
  Path Group: clk
  Path Type: max

  Point                                                   Incr       Path
  --------------------------------------------------------------------------
  clock clk (rise edge)                                   0.00       0.00
  clock network delay (ideal)                             0.00       0.00
  launch_act0_reg[2]/CK (DQV2_140P7T30R)                  0.00       0.00 r
  launch_act0_reg[2]/Q (DQV2_140P7T30R)                   0.06       0.06 f
  u_pe/act0_west[2] (matrix_int8_pe)                      0.00       0.06 f
  u_pe/U34/ZN (INV2_140P7T30R)                            0.02       0.08 r
  u_pe/U66/ZN (NAND2V2_140P7T30R)                         0.01       0.09 f
  u_pe/U23/ZN (NOR2V4_140P7T30R)                          0.02       0.11 r
  u_pe/U554/ZN (XNOR2V2_140P7T30R)                        0.03       0.14 r
  u_pe/U555/ZN (NAND2V2_140P7T30R)                        0.01       0.16 f
  u_pe/U98/Z (OA12V4_140P7T30R)                           0.03       0.19 f
  u_pe/U18/ZN (NOR2V2_140P7T30R)                          0.02       0.21 r
  u_pe/U624/S (ADH1V2_140P7T30R)                          0.05       0.26 f
  u_pe/U631/CO (AD1V4_140P7T30R)                          0.05       0.30 f
  u_pe/U628/CO (AD1V4_140P7T30R)                          0.04       0.34 f
  u_pe/U650/S (AD1V2_140P7T30R)                           0.07       0.41 r
  u_pe/U10/Z (OR2V2_140P7T30R)                            0.02       0.43 r
  u_pe/U686/ZN (NAND2V2_140P7T30R)                        0.01       0.45 f
  u_pe/U687/ZN (XNOR2V2_140P7T30R)                        0.03       0.48 f
  u_pe/U302/ZN (INV2_140P7T30R)                           0.02       0.50 r
  u_pe/U695/ZN (NAND2V2_140P7T30R)                        0.02       0.52 f
  u_pe/U696/ZN (NOR2V2_140P7T30R)                         0.03       0.54 r
  u_pe/U697/ZN (NAND2V2_140P7T30R)                        0.02       0.57 f
  u_pe/U731/Z (XOR2V2_140P7T30R)                          0.03       0.60 f
  u_pe/U81/ZN (NAND2V2_140P7T30R)                         0.01       0.61 r
  u_pe/U80/ZN (OAI12V2_140P7T30R)                         0.02       0.63 f
  u_pe/U753/ZN (XNOR2V2_140P7T30R)                        0.03       0.67 f
  u_pe/U258/Z (XOR2V2_140P7T30R)                          0.04       0.70 f
  u_pe/U336/Z (OR2V2_140P7T30R)                           0.03       0.74 f
  u_pe/U48/Z (AO12V2_140P7T30R)                           0.03       0.76 f
  u_pe/U73/ZN (CLKNAND2V4_140P7T30R)                      0.01       0.78 r
  u_pe/U72/ZN (NAND2XBV4_140P7T30R)                       0.01       0.79 f
  u_pe/U71/ZN (AOI12V4_140P7T30R)                         0.02       0.81 r
  u_pe/U809/Z (OA12V6_140P7T30R)                          0.03       0.84 r
  u_pe/U148/ZN (OAI12V4_140P7T30R)                        0.01       0.85 f
  u_pe/U147/ZN (INV5_140P7T30R)                           0.01       0.86 r
  u_pe/U816/ZN (OAI12V6_140P7T30R)                        0.01       0.88 f
  u_pe/U145/Z (BUFV16_140P7T30R)                          0.02       0.90 f
  u_pe/U935/ZN (AOI12V4_140P7T30R)                        0.02       0.92 r
  u_pe/U200/ZN (XNOR2V2_140P7T30R)                        0.03       0.95 r
  u_pe/U127/ZN (NAND2V2_140P7T30R)                        0.01       0.96 f
  u_pe/U110/Z (AO1B2V2_140P7T30R)                         0.01       0.97 r
  u_pe/psum_south_reg[19]/D (DQV2_140P7T30R)              0.00       0.97 r
  data arrival time                                                  0.97

  clock clk (rise edge)                                   1.00       1.00
  clock network delay (ideal)                             0.00       1.00
  u_pe/psum_south_reg[19]/CK (DQV2_140P7T30R)             0.00       1.00 r
  library setup time                                     -0.03       0.97
  data required time                                                 0.97
  --------------------------------------------------------------------------
  data required time                                                 0.97
  data arrival time                                                 -0.97
  --------------------------------------------------------------------------
  slack (MET)                                                        0.00


  Startpoint: launch_act0_reg[2]
              (rising edge-triggered flip-flop clocked by clk)
  Endpoint: u_pe/psum_south_reg[18]
            (rising edge-triggered flip-flop clocked by clk)
  Path Group: clk
  Path Type: max

  Point                                                   Incr       Path
  --------------------------------------------------------------------------
  clock clk (rise edge)                                   0.00       0.00
  clock network delay (ideal)                             0.00       0.00
  launch_act0_reg[2]/CK (DQV2_140P7T30R)                  0.00       0.00 r
  launch_act0_reg[2]/Q (DQV2_140P7T30R)                   0.06       0.06 f
  u_pe/act0_west[2] (matrix_int8_pe)                      0.00       0.06 f
  u_pe/U34/ZN (INV2_140P7T30R)                            0.02       0.08 r
  u_pe/U66/ZN (NAND2V2_140P7T30R)                         0.01       0.09 f
  u_pe/U23/ZN (NOR2V4_140P7T30R)                          0.02       0.11 r
  u_pe/U554/ZN (XNOR2V2_140P7T30R)                        0.03       0.14 r
  u_pe/U555/ZN (NAND2V2_140P7T30R)                        0.01       0.16 f
  u_pe/U98/Z (OA12V4_140P7T30R)                           0.03       0.19 f
  u_pe/U18/ZN (NOR2V2_140P7T30R)                          0.02       0.21 r
  u_pe/U624/S (ADH1V2_140P7T30R)                          0.05       0.26 f
  u_pe/U631/CO (AD1V4_140P7T30R)                          0.05       0.30 f
  u_pe/U628/CO (AD1V4_140P7T30R)                          0.04       0.34 f
  u_pe/U650/S (AD1V2_140P7T30R)                           0.07       0.41 r
  u_pe/U10/Z (OR2V2_140P7T30R)                            0.02       0.43 r
  u_pe/U686/ZN (NAND2V2_140P7T30R)                        0.01       0.45 f
  u_pe/U687/ZN (XNOR2V2_140P7T30R)                        0.03       0.48 f
  u_pe/U302/ZN (INV2_140P7T30R)                           0.02       0.50 r
  u_pe/U695/ZN (NAND2V2_140P7T30R)                        0.02       0.52 f
  u_pe/U696/ZN (NOR2V2_140P7T30R)                         0.03       0.54 r
  u_pe/U697/ZN (NAND2V2_140P7T30R)                        0.02       0.57 f
  u_pe/U731/Z (XOR2V2_140P7T30R)                          0.03       0.60 f
  u_pe/U81/ZN (NAND2V2_140P7T30R)                         0.01       0.61 r
  u_pe/U80/ZN (OAI12V2_140P7T30R)                         0.02       0.63 f
  u_pe/U753/ZN (XNOR2V2_140P7T30R)                        0.03       0.67 f
  u_pe/U258/Z (XOR2V2_140P7T30R)                          0.04       0.70 f
  u_pe/U336/Z (OR2V2_140P7T30R)                           0.03       0.74 f
  u_pe/U48/Z (AO12V2_140P7T30R)                           0.03       0.76 f
  u_pe/U73/ZN (CLKNAND2V4_140P7T30R)                      0.01       0.78 r
  u_pe/U72/ZN (NAND2XBV4_140P7T30R)                       0.01       0.79 f
  u_pe/U71/ZN (AOI12V4_140P7T30R)                         0.02       0.81 r
  u_pe/U809/Z (OA12V6_140P7T30R)                          0.03       0.84 r
  u_pe/U148/ZN (OAI12V4_140P7T30R)                        0.01       0.85 f
  u_pe/U147/ZN (INV5_140P7T30R)                           0.01       0.86 r
  u_pe/U816/ZN (OAI12V6_140P7T30R)                        0.01       0.88 f
  u_pe/U145/Z (BUFV16_140P7T30R)                          0.02       0.90 f
  u_pe/U835/ZN (AOI12V4_140P7T30R)                        0.02       0.92 r
  u_pe/U201/ZN (XNOR2V2_140P7T30R)                        0.03       0.95 r
  u_pe/U128/ZN (NAND2V2_140P7T30R)                        0.01       0.96 f
  u_pe/U121/Z (AO1B2V2_140P7T30R)                         0.01       0.97 r
  u_pe/psum_south_reg[18]/D (DQV2_140P7T30R)              0.00       0.97 r
  data arrival time                                                  0.97

  clock clk (rise edge)                                   1.00       1.00
  clock network delay (ideal)                             0.00       1.00
  u_pe/psum_south_reg[18]/CK (DQV2_140P7T30R)             0.00       1.00 r
  library setup time                                     -0.03       0.97
  data required time                                                 0.97
  --------------------------------------------------------------------------
  data required time                                                 0.97
  data arrival time                                                 -0.97
  --------------------------------------------------------------------------
  slack (MET)                                                        0.00



****************************************
Report : area
Design : matrix_int8_pe_probe
Version: O-2018.06-SP1
Date   : Tue Aug 18 22:14:20 2026
****************************************

Library(s) Used:

    scc28nhkcp_hdc30p140_rvt_ssg_v0p81_125c_basic (File: /home/lzl/project/newlpu/asic/dc/db/scc28nhkcp_hdc30p140_rvt_ssg_v0p81_125c_basic.db)

Number of ports:                          236
Number of nets:                          1521
Number of cells:                         1232
Number of combinational cells:           1117
Number of sequential cells:               114
Number of macros/black boxes:               0
Number of buf/inv:                        167
Number of references:                       5

Combinational area:                550.269996
Buf/Inv area:                       36.063999
Noncombinational area:             201.292006
Macro/Black Box area:                0.000000
Net Interconnect area:      undefined  (No wire load specified)

Total cell area:                   751.562003
Total area:                 undefined

Hierarchical area distribution
------------------------------

                                  Global cell area          Local cell area
                                  ------------------  ---------------------------
Hierarchical cell                 Absolute   Percent  Combi-    Noncombi-  Black-
                                  Total      Total    national  national   boxes   Design
--------------------------------  ---------  -------  --------  ---------  ------  --------------
matrix_int8_pe_probe               751.5620    100.0   33.7120    86.4360  0.0000  matrix_int8_pe_probe
u_pe                               631.4140     84.0  516.5580   114.8560  0.0000  matrix_int8_pe
--------------------------------  ---------  -------  --------  ---------  ------  --------------
Total                                                 550.2700   201.2920  0.0000


****************************************
Report : power
        -analysis_effort low
Design : matrix_int8_pe_probe
Version: O-2018.06-SP1
Date   : Tue Aug 18 22:14:20 2026
****************************************


Library(s) Used:

    scc28nhkcp_hdc30p140_rvt_ssg_v0p81_125c_basic (File: /home/lzl/project/newlpu/asic/dc/db/scc28nhkcp_hdc30p140_rvt_ssg_v0p81_125c_basic.db)


Operating Conditions: ssg_v0p81_125c   Library: scc28nhkcp_hdc30p140_rvt_ssg_v0p81_125c_basic
Wire Load Model Mode: top


Global Operating Voltage = 0.81
Power-specific unit information :
    Voltage Units = 1V
    Capacitance Units = 1.000000pf
    Time Units = 1ns
    Dynamic Power Units = 1mW    (derived from V,C,T units)
    Leakage Power Units = 1uW


  Cell Internal Power  = 395.6974 uW   (91%)
  Net Switching Power  =  37.4875 uW    (9%)
                         ---------
Total Dynamic Power    = 433.1849 uW  (100%)

Cell Leakage Power     =  62.8984 uW


                 Internal         Switching           Leakage            Total
Power Group      Power            Power               Power              Power   (   %    )  Attrs
--------------------------------------------------------------------------------------------------
io_pad             0.0000            0.0000            0.0000            0.0000  (   0.00%)
memory             0.0000            0.0000            0.0000            0.0000  (   0.00%)
black_box          0.0000            0.0000            0.0000            0.0000  (   0.00%)
clock_network      0.0000            0.0000            0.0000            0.0000  (   0.00%)
register           0.3503        4.1083e-03           15.9679            0.3704  (  74.66%)
sequential         0.0000            0.0000            0.0000            0.0000  (   0.00%)
combinational  4.5409e-02        3.3379e-02           46.9305            0.1257  (  25.34%)
--------------------------------------------------------------------------------------------------
Total              0.3957 mW     3.7488e-02 mW        62.8984 uW         0.4961 mW

****************************************
Report : reference
Design : matrix_int8_pe_probe
Version: O-2018.06-SP1
Date   : Tue Aug 18 22:14:20 2026
****************************************

Attributes:
    b - black box (unknown)
   bo - allows boundary optimization
    d - dont_touch
   mo - map_only
    h - hierarchical
    n - noncombinational
    r - removable
    s - synthetic operator
    u - contains unmapped logic

Reference          Library       Unit Area   Count    Total Area   Attributes
-----------------------------------------------------------------------------
AND2V2_140P7T30R   scc28nhkcp_hdc30p140_rvt_ssg_v0p81_125c_basic
                                  0.392000       1      0.392000
AO22V2_140P7T30R   scc28nhkcp_hdc30p140_rvt_ssg_v0p81_125c_basic
                                  0.686000      48     32.927999
DQV2_140P7T30R     scc28nhkcp_hdc30p140_rvt_ssg_v0p81_125c_basic
                                  1.764000      49     86.436003  n
NOR2XBV2_140P7T30R scc28nhkcp_hdc30p140_rvt_ssg_v0p81_125c_basic
                                  0.392000       1      0.392000
matrix_int8_pe                  631.414000       1    631.414000  h, n
-----------------------------------------------------------------------------
Total 5 references                                    751.562003
1
