==== DC tech=smic28 corner=ss_100C_1v60 design=matrix_int8_pe_tile period_ns=1.0 (compile_ultra) ====
Information: Updating design information... (UID-85)
Warning: Design 'matrix_int8_pe_tile_probe' contains 1 high-fanout nets. A fanout number of 1000 will be used for delay calculations involving these nets. (TIM-134)

****************************************
Report : timing
        -path full
        -delay max
        -max_paths 10
        -sort_by slack
Design : matrix_int8_pe_tile_probe
Version: O-2018.06-SP1
Date   : Tue Aug 18 23:09:20 2026
****************************************

 # A fanout number of 1000 was used for high fanout net computations.

Operating Conditions: ssg_v0p81_125c   Library: scc28nhkcp_hdc30p140_rvt_ssg_v0p81_125c_basic
Wire Load Model Mode: top

  Startpoint: u_tile/gen_row[13].gen_col[0].u_pe/act1_east_reg[1]
              (rising edge-triggered flip-flop clocked by clk)
  Endpoint: u_tile/gen_row[13].gen_col[1].u_pe/psum_south_reg[17]
            (rising edge-triggered flip-flop clocked by clk)
  Path Group: clk
  Path Type: max

  Point                                                   Incr       Path
  --------------------------------------------------------------------------
  clock clk (rise edge)                                   0.00       0.00
  clock network delay (ideal)                             0.00       0.00
  u_tile/gen_row[13].gen_col[0].u_pe/act1_east_reg[1]/CK (DQV2_140P7T30R)     0.00 #     0.00 r
  u_tile/gen_row[13].gen_col[0].u_pe/act1_east_reg[1]/Q (DQV2_140P7T30R)     0.06     0.06 f
  u_tile/U19855/ZN (INV2_140P7T30R)                       0.02       0.08 r
  u_tile/U15436/ZN (CLKNAND2V4_140P7T30R)                 0.01       0.09 f
  u_tile/U79095/ZN (NOR2V4_140P7T30R)                     0.02       0.11 r
  u_tile/U79127/ZN (NAND2V2_140P7T30R)                    0.02       0.13 f
  u_tile/U79128/Z (CLKXOR2V1P5_140P7T30R)                 0.03       0.16 f
  u_tile/U79129/ZN (NAND2V2_140P7T30R)                    0.01       0.17 r
  u_tile/U52181/Z (OA12V2_140P7T30R)                      0.05       0.21 r
  u_tile/U79155/ZN (NOR2V2_140P7T30R)                     0.02       0.24 f
  u_tile/U79181/S (AD1V2_140P7T30R)                       0.08       0.31 r
  u_tile/U12422/Z (OR2V6_140P7T30R)                       0.02       0.33 r
  u_tile/U12294/ZN (NAND2V2_140P7T30R)                    0.01       0.34 f
  u_tile/U19122/Z (AO1B2V2_140P7T30R)                     0.02       0.36 r
  u_tile/U79212/S (AD1V4_140P7T30R)                       0.06       0.42 f
  u_tile/U46374/ZN (NAND2V2_140P7T30R)                    0.02       0.43 r
  u_tile/U79209/ZN (INV2_140P7T30R)                       0.01       0.44 f
  u_tile/U79210/ZN (AOI12V2_140P7T30R)                    0.03       0.47 r
  u_tile/U79214/ZN (OAI12V2_140P7T30R)                    0.02       0.49 f
  u_tile/U79260/ZN (INV2_140P7T30R)                       0.02       0.51 r
  u_tile/U79280/ZN (OAI12V2_140P7T30R)                    0.02       0.53 f
  u_tile/U79283/ZN (XNOR2V2_140P7T30R)                    0.04       0.57 f
  u_tile/U79284/ZN (INV2_140P7T30R)                       0.02       0.59 r
  u_tile/U5834/ZN (CLKNAND2V4_140P7T30R)                  0.01       0.60 f
  u_tile/U79309/Z (XOR2V2_140P7T30R)                      0.02       0.63 r
  u_tile/U79310/ZN (NAND2V2_140P7T30R)                    0.01       0.64 f
  u_tile/U79311/ZN (OAI12V2_140P7T30R)                    0.03       0.67 r
  u_tile/U79368/S (AD1V2_140P7T30R)                       0.07       0.74 f
  u_tile/U31673/Z (OR2V4_140P7T30R)                       0.03       0.77 f
  u_tile/U5463/ZN (CLKNAND2V4_140P7T30R)                  0.01       0.78 r
  u_tile/U5353/ZN (NAND2V3_140P7T30R)                     0.01       0.79 f
  u_tile/U5336/ZN (AOI12V4_140P7T30R)                     0.02       0.81 r
  u_tile/U5222/ZN (NOR2V6_140P7T30R)                      0.01       0.82 f
  u_tile/U19330/ZN (NOR2V6_140P7T30R)                     0.02       0.84 r
  u_tile/U19328/ZN (OAI12V8_140P7T30R)                    0.01       0.85 f
  u_tile/U19327/ZN (CLKNAND2V4_140P7T30R)                 0.02       0.87 r
  u_tile/U4965/ZN (NAND2XBV12_140P7T30R)                  0.02       0.89 f
  u_tile/U31483/ZN (AOI21BV2_140P7T30R)                   0.03       0.92 r
  u_tile/U31482/ZN (XNOR2V2_140P7T30R)                    0.03       0.94 r
  u_tile/U8645/ZN (NAND2V2_140P7T30R)                     0.01       0.96 f
  u_tile/U31481/Z (AO1B2V2_140P7T30R)                     0.02       0.97 r
  u_tile/gen_row[13].gen_col[1].u_pe/psum_south_reg[17]/D (DQV2_140P7T30R)     0.00     0.97 r
  data arrival time                                                  0.97

  clock clk (rise edge)                                   1.00       1.00
  clock network delay (ideal)                             0.00       1.00
  u_tile/gen_row[13].gen_col[1].u_pe/psum_south_reg[17]/CK (DQV2_140P7T30R)     0.00     1.00 r
  library setup time                                     -0.03       0.97
  data required time                                                 0.97
  --------------------------------------------------------------------------
  data required time                                                 0.97
  data arrival time                                                 -0.97
  --------------------------------------------------------------------------
  slack (MET)                                                        0.00


  Startpoint: u_tile/gen_row[13].gen_col[2].u_pe/act1_east_reg[2]
              (rising edge-triggered flip-flop clocked by clk)
  Endpoint: u_tile/gen_row[13].gen_col[3].u_pe/psum_south_reg[16]
            (rising edge-triggered flip-flop clocked by clk)
  Path Group: clk
  Path Type: max

  Point                                                   Incr       Path
  --------------------------------------------------------------------------
  clock clk (rise edge)                                   0.00       0.00
  clock network delay (ideal)                             0.00       0.00
  u_tile/gen_row[13].gen_col[2].u_pe/act1_east_reg[2]/CK (DQV2_140P7T30R)     0.00 #     0.00 r
  u_tile/gen_row[13].gen_col[2].u_pe/act1_east_reg[2]/Q (DQV2_140P7T30R)     0.06     0.06 f
  u_tile/U3259/ZN (INV2_140P7T30R)                        0.02       0.08 r
  u_tile/U109486/ZN (NAND2V2_140P7T30R)                   0.01       0.09 f
  u_tile/U109488/ZN (NOR2V4_140P7T30R)                    0.02       0.11 r
  u_tile/U109506/ZN (NAND2V2_140P7T30R)                   0.02       0.13 f
  u_tile/U109507/Z (CLKXOR2V1P5_140P7T30R)                0.03       0.16 f
  u_tile/U109508/ZN (NAND2V2_140P7T30R)                   0.01       0.17 r
  u_tile/U71978/ZN (OAI12V2_140P7T30R)                    0.02       0.19 f
  u_tile/U109509/ZN (INV2_140P7T30R)                      0.04       0.22 r
  u_tile/U109512/ZN (NOR2V2_140P7T30R)                    0.02       0.24 f
  u_tile/U109536/CO (AD1V2_140P7T30R)                     0.05       0.29 f
  u_tile/U109571/CO (AD1V2_140P7T30R)                     0.05       0.34 f
  u_tile/U109620/S (AD1V2_140P7T30R)                      0.07       0.41 r
  u_tile/U109626/S (AD1V2_140P7T30R)                      0.07       0.48 f
  u_tile/U3258/ZN (NAND2V2_140P7T30R)                     0.02       0.49 r
  u_tile/U867/ZN (OAI12V2_140P7T30R)                      0.02       0.51 f
  u_tile/U36980/ZN (AOI12V4_140P7T30R)                    0.03       0.54 r
  u_tile/U109629/ZN (OAI12V2_140P7T30R)                   0.02       0.56 f
  u_tile/U109659/ZN (XNOR2V2_140P7T30R)                   0.04       0.60 f
  u_tile/U109660/ZN (INV2_140P7T30R)                      0.02       0.62 r
  u_tile/U23564/ZN (NAND2V2_140P7T30R)                    0.02       0.64 f
  u_tile/U46385/ZN (NOR2V4_140P7T30R)                     0.02       0.66 r
  u_tile/U61574/ZN (XNOR2V2_140P7T30R)                    0.03       0.69 r
  u_tile/U61573/ZN (NAND2V3_140P7T30R)                    0.01       0.70 f
  u_tile/U49695/ZN (OAI12V2_140P7T30R)                    0.03       0.73 r
  u_tile/U109706/S (AD1V2_140P7T30R)                      0.07       0.80 f
  u_tile/U17782/ZN (CLKNAND2V4_140P7T30R)                 0.01       0.81 r
  u_tile/U17781/ZN (NAND2V2_140P7T30R)                    0.02       0.83 f
  u_tile/U17779/ZN (OAI12V6_140P7T30R)                    0.02       0.86 r
  u_tile/U17778/ZN (OAI12V8_140P7T30R)                    0.03       0.88 f
  u_tile/U241854/ZN (AOI12V2_140P7T30R)                   0.03       0.91 r
  u_tile/U241856/Z (XOR2V2_140P7T30R)                     0.03       0.94 r
  u_tile/U241857/Z (AO22V2_140P7T30R)                     0.03       0.97 r
  u_tile/gen_row[13].gen_col[3].u_pe/psum_south_reg[16]/D (DQV2_140P7T30R)     0.00     0.97 r
  data arrival time                                                  0.97

  clock clk (rise edge)                                   1.00       1.00
  clock network delay (ideal)                             0.00       1.00
  u_tile/gen_row[13].gen_col[3].u_pe/psum_south_reg[16]/CK (DQV2_140P7T30R)     0.00     1.00 r
  library setup time                                     -0.03       0.97
  data required time                                                 0.97
  --------------------------------------------------------------------------
  data required time                                                 0.97
  data arrival time                                                 -0.97
  --------------------------------------------------------------------------
  slack (MET)                                                        0.00


  Startpoint: u_tile/gen_row[12].gen_col[0].u_pe/act1_east_reg[2]
              (rising edge-triggered flip-flop clocked by clk)
  Endpoint: u_tile/gen_row[12].gen_col[1].u_pe/psum_south_reg[25]
            (rising edge-triggered flip-flop clocked by clk)
  Path Group: clk
  Path Type: max

  Point                                                   Incr       Path
  --------------------------------------------------------------------------
  clock clk (rise edge)                                   0.00       0.00
  clock network delay (ideal)                             0.00       0.00
  u_tile/gen_row[12].gen_col[0].u_pe/act1_east_reg[2]/CK (DQV4_140P7T30R)     0.00 #     0.00 r
  u_tile/gen_row[12].gen_col[0].u_pe/act1_east_reg[2]/Q (DQV4_140P7T30R)     0.06     0.06 f
  u_tile/U57464/ZN (NOR2V2_140P7T30R)                     0.02       0.08 r
  u_tile/U43568/ZN (NOR2XBV4_140P7T30R)                   0.03       0.11 r
  u_tile/U196623/ZN (NAND2V2_140P7T30R)                   0.02       0.12 f
  u_tile/U196624/Z (CLKXOR2V1P5_140P7T30R)                0.03       0.15 f
  u_tile/U196625/ZN (NAND2V2_140P7T30R)                   0.01       0.17 r
  u_tile/U71972/ZN (OAI12V2_140P7T30R)                    0.02       0.18 f
  u_tile/U196626/ZN (INV2_140P7T30R)                      0.04       0.22 r
  u_tile/U196661/ZN (NOR2V2_140P7T30R)                    0.02       0.24 f
  u_tile/U196668/CO (AD1V2_140P7T30R)                     0.05       0.28 f
  u_tile/U196669/CO (AD1V2_140P7T30R)                     0.05       0.33 f
  u_tile/U196675/S (AD1V2_140P7T30R)                      0.07       0.41 r
  u_tile/U196683/S (AD1V2_140P7T30R)                      0.06       0.47 f
  u_tile/U196671/ZN (NOR2V2_140P7T30R)                    0.02       0.49 r
  u_tile/U196772/ZN (INV2_140P7T30R)                      0.01       0.50 f
  u_tile/U196773/ZN (NAND2V2_140P7T30R)                   0.01       0.52 r
  u_tile/U54190/ZN (XNOR2V2_140P7T30R)                    0.04       0.55 r
  u_tile/U15938/Z (AND2V6_140P7T30R)                      0.03       0.58 r
  u_tile/U10719/ZN (NAND2V2_140P7T30R)                    0.02       0.60 f
  u_tile/U10553/ZN (NOR2V2_140P7T30R)                     0.03       0.62 r
  u_tile/U5709/ZN (NAND2V2_140P7T30R)                     0.02       0.65 f
  u_tile/U5660/ZN (NOR2XBV4_140P7T30R)                    0.02       0.67 r
  u_tile/U5565/Z (CLKXOR2V1P5_140P7T30R)                  0.01       0.68 f
  u_tile/U5490/ZN (NAND2V2_140P7T30R)                     0.01       0.70 r
  u_tile/U37881/ZN (OAI12V2_140P7T30R)                    0.03       0.72 f
  u_tile/U21467/ZN (XNOR2V2_140P7T30R)                    0.04       0.77 f
  u_tile/U21466/ZN (XNOR2V2_140P7T30R)                    0.03       0.80 f
  u_tile/U41203/ZN (NOR2V2_140P7T30R)                     0.03       0.83 r
  u_tile/U40951/Z (OR2V2_140P7T30R)                       0.03       0.86 r
  u_tile/U57466/ZN (OAI12V8_140P7T30R)                    0.03       0.88 f
  u_tile/U50088/ZN (AOI12V2_140P7T30R)                    0.03       0.91 r
  u_tile/U197237/Z (XOR2V2_140P7T30R)                     0.03       0.95 r
  u_tile/U197238/ZN (NAND2V2_140P7T30R)                   0.01       0.96 f
  u_tile/U197239/Z (AO1B2V2_140P7T30R)                    0.02       0.97 r
  u_tile/gen_row[12].gen_col[1].u_pe/psum_south_reg[25]/D (DQV2_140P7T30R)     0.00     0.97 r
  data arrival time                                                  0.97

  clock clk (rise edge)                                   1.00       1.00
  clock network delay (ideal)                             0.00       1.00
  u_tile/gen_row[12].gen_col[1].u_pe/psum_south_reg[25]/CK (DQV2_140P7T30R)     0.00     1.00 r
  library setup time                                     -0.03       0.97
  data required time                                                 0.97
  --------------------------------------------------------------------------
  data required time                                                 0.97
  data arrival time                                                 -0.97
  --------------------------------------------------------------------------
  slack (MET)                                                        0.00


  Startpoint: u_tile/gen_row[11].gen_col[7].u_pe/act0_east_reg[0]
              (rising edge-triggered flip-flop clocked by clk)
  Endpoint: u_tile/gen_row[11].gen_col[8].u_pe/psum_south_reg[20]
            (rising edge-triggered flip-flop clocked by clk)
  Path Group: clk
  Path Type: max

  Point                                                   Incr       Path
  --------------------------------------------------------------------------
  clock clk (rise edge)                                   0.00       0.00
  clock network delay (ideal)                             0.00       0.00
  u_tile/gen_row[11].gen_col[7].u_pe/act0_east_reg[0]/CK (DQV2_140P7T30R)     0.00 #     0.00 r
  u_tile/gen_row[11].gen_col[7].u_pe/act0_east_reg[0]/Q (DQV2_140P7T30R)     0.06     0.06 f
  u_tile/U16914/ZN (INV6_140P7T30R)                       0.02       0.08 r
  u_tile/U155714/ZN (NAND2V3_140P7T30R)                   0.02       0.09 f
  u_tile/U7407/ZN (INV4_140P7T30R)                        0.01       0.10 r
  u_tile/U1868/ZN (NAND2V2_140P7T30R)                     0.01       0.12 f
  u_tile/U155725/Z (XOR2V2_140P7T30R)                     0.03       0.15 f
  u_tile/U13719/ZN (NAND2V2_140P7T30R)                    0.01       0.16 r
  u_tile/U52758/Z (OA12V2_140P7T30R)                      0.05       0.21 r
  u_tile/U73063/ZN (NOR2V2_140P7T30R)                     0.02       0.23 f
  u_tile/U155802/S (AD1V4_140P7T30R)                      0.07       0.30 r
  u_tile/U1362/Z (OR2V2_140P7T30R)                        0.02       0.32 r
  u_tile/U1343/ZN (NAND2V2_140P7T30R)                     0.01       0.33 f
  u_tile/U155880/ZN (XNOR2V2_140P7T30R)                   0.03       0.37 f
  u_tile/U61689/ZN (INV4_140P7T30R)                       0.01       0.38 r
  u_tile/U156184/S (ADH1V4_140P7T30R)                     0.04       0.42 f
  u_tile/U6276/ZN (CLKNAND2V4_140P7T30R)                  0.01       0.43 r
  u_tile/U61688/Z (AO1B2V2_140P7T30R)                     0.02       0.45 f
  u_tile/U156225/CO (AD1V4_140P7T30R)                     0.04       0.49 f
  u_tile/U156226/CO (AD1V4_140P7T30R)                     0.05       0.54 f
  u_tile/U156210/CO (AD1V4_140P7T30R)                     0.05       0.58 f
  u_tile/U156205/CO (AD1V4_140P7T30R)                     0.05       0.63 f
  u_tile/U156201/S (AD1V4_140P7T30R)                      0.07       0.69 r
  u_tile/U156204/ZN (NOR2V2_140P7T30R)                    0.01       0.71 f
  u_tile/U696/Z (OA12V2_140P7T30R)                        0.04       0.74 f
  u_tile/U41197/ZN (OAI12V2_140P7T30R)                    0.03       0.77 r
  u_tile/U2606/ZN (INV4_140P7T30R)                        0.01       0.78 f
  u_tile/U5446/ZN (OAI12V4_140P7T30R)                     0.02       0.80 r
  u_tile/U16786/ZN (NAND2V3_140P7T30R)                    0.01       0.81 f
  u_tile/U5288/ZN (NAND2XBV4_140P7T30R)                   0.01       0.83 r
  u_tile/U16785/ZN (AOI12V4_140P7T30R)                    0.02       0.84 f
  u_tile/U2571/Z (OA12V8_140P7T30R)                       0.03       0.87 f
  u_tile/U28449/ZN (OAI12V12_140P7T30R)                   0.03       0.90 r
  u_tile/U253410/ZN (AOI12V2M_140P7T30R)                  0.02       0.92 f
  u_tile/U253411/ZN (XNOR2V2_140P7T30R)                   0.03       0.95 r
  u_tile/U253412/ZN (NAND2V3_140P7T30R)                   0.01       0.96 f
  u_tile/U2474/Z (AO1B2V4_140P7T30R)                      0.02       0.97 r
  u_tile/gen_row[11].gen_col[8].u_pe/psum_south_reg[20]/D (DQV2_140P7T30R)     0.00     0.97 r
  data arrival time                                                  0.97

  clock clk (rise edge)                                   1.00       1.00
  clock network delay (ideal)                             0.00       1.00
  u_tile/gen_row[11].gen_col[8].u_pe/psum_south_reg[20]/CK (DQV2_140P7T30R)     0.00     1.00 r
  library setup time                                     -0.03       0.97
  data required time                                                 0.97
  --------------------------------------------------------------------------
  data required time                                                 0.97
  data arrival time                                                 -0.97
  --------------------------------------------------------------------------
  slack (MET)                                                        0.00


  Startpoint: u_tile/gen_row[11].gen_col[7].u_pe/act0_east_reg[0]
              (rising edge-triggered flip-flop clocked by clk)
  Endpoint: u_tile/gen_row[11].gen_col[8].u_pe/psum_south_reg[21]
            (rising edge-triggered flip-flop clocked by clk)
  Path Group: clk
  Path Type: max

  Point                                                   Incr       Path
  --------------------------------------------------------------------------
  clock clk (rise edge)                                   0.00       0.00
  clock network delay (ideal)                             0.00       0.00
  u_tile/gen_row[11].gen_col[7].u_pe/act0_east_reg[0]/CK (DQV2_140P7T30R)     0.00 #     0.00 r
  u_tile/gen_row[11].gen_col[7].u_pe/act0_east_reg[0]/Q (DQV2_140P7T30R)     0.06     0.06 f
  u_tile/U16914/ZN (INV6_140P7T30R)                       0.02       0.08 r
  u_tile/U155714/ZN (NAND2V3_140P7T30R)                   0.02       0.09 f
  u_tile/U7407/ZN (INV4_140P7T30R)                        0.01       0.10 r
  u_tile/U1868/ZN (NAND2V2_140P7T30R)                     0.01       0.12 f
  u_tile/U155725/Z (XOR2V2_140P7T30R)                     0.03       0.15 f
  u_tile/U13719/ZN (NAND2V2_140P7T30R)                    0.01       0.16 r
  u_tile/U52758/Z (OA12V2_140P7T30R)                      0.05       0.21 r
  u_tile/U73063/ZN (NOR2V2_140P7T30R)                     0.02       0.23 f
  u_tile/U155802/S (AD1V4_140P7T30R)                      0.07       0.30 r
  u_tile/U1362/Z (OR2V2_140P7T30R)                        0.02       0.32 r
  u_tile/U1343/ZN (NAND2V2_140P7T30R)                     0.01       0.33 f
  u_tile/U155880/ZN (XNOR2V2_140P7T30R)                   0.03       0.37 f
  u_tile/U61689/ZN (INV4_140P7T30R)                       0.01       0.38 r
  u_tile/U156184/S (ADH1V4_140P7T30R)                     0.04       0.42 f
  u_tile/U6276/ZN (CLKNAND2V4_140P7T30R)                  0.01       0.43 r
  u_tile/U61688/Z (AO1B2V2_140P7T30R)                     0.02       0.45 f
  u_tile/U156225/CO (AD1V4_140P7T30R)                     0.04       0.49 f
  u_tile/U156226/CO (AD1V4_140P7T30R)                     0.05       0.54 f
  u_tile/U156210/CO (AD1V4_140P7T30R)                     0.05       0.58 f
  u_tile/U156205/CO (AD1V4_140P7T30R)                     0.05       0.63 f
  u_tile/U156201/S (AD1V4_140P7T30R)                      0.07       0.69 r
  u_tile/U156204/ZN (NOR2V2_140P7T30R)                    0.01       0.71 f
  u_tile/U696/Z (OA12V2_140P7T30R)                        0.04       0.74 f
  u_tile/U41197/ZN (OAI12V2_140P7T30R)                    0.03       0.77 r
  u_tile/U2606/ZN (INV4_140P7T30R)                        0.01       0.78 f
  u_tile/U5446/ZN (OAI12V4_140P7T30R)                     0.02       0.80 r
  u_tile/U16786/ZN (NAND2V3_140P7T30R)                    0.01       0.81 f
  u_tile/U5288/ZN (NAND2XBV4_140P7T30R)                   0.01       0.83 r
  u_tile/U16785/ZN (AOI12V4_140P7T30R)                    0.02       0.84 f
  u_tile/U2571/Z (OA12V8_140P7T30R)                       0.03       0.87 f
  u_tile/U28449/ZN (OAI12V12_140P7T30R)                   0.03       0.90 r
  u_tile/U253399/ZN (AOI12V2M_140P7T30R)                  0.02       0.92 f
  u_tile/U253400/ZN (XNOR2V2_140P7T30R)                   0.03       0.95 r
  u_tile/U253401/ZN (NAND2V3_140P7T30R)                   0.01       0.96 f
  u_tile/U2473/Z (AO1B2V4_140P7T30R)                      0.02       0.97 r
  u_tile/gen_row[11].gen_col[8].u_pe/psum_south_reg[21]/D (DQV2_140P7T30R)     0.00     0.97 r
  data arrival time                                                  0.97

  clock clk (rise edge)                                   1.00       1.00
  clock network delay (ideal)                             0.00       1.00
  u_tile/gen_row[11].gen_col[8].u_pe/psum_south_reg[21]/CK (DQV2_140P7T30R)     0.00     1.00 r
  library setup time                                     -0.03       0.97
  data required time                                                 0.97
  --------------------------------------------------------------------------
  data required time                                                 0.97
  data arrival time                                                 -0.97
  --------------------------------------------------------------------------
  slack (MET)                                                        0.00


  Startpoint: u_tile/gen_row[11].gen_col[7].u_pe/act0_east_reg[0]
              (rising edge-triggered flip-flop clocked by clk)
  Endpoint: u_tile/gen_row[11].gen_col[8].u_pe/psum_south_reg[22]
            (rising edge-triggered flip-flop clocked by clk)
  Path Group: clk
  Path Type: max

  Point                                                   Incr       Path
  --------------------------------------------------------------------------
  clock clk (rise edge)                                   0.00       0.00
  clock network delay (ideal)                             0.00       0.00
  u_tile/gen_row[11].gen_col[7].u_pe/act0_east_reg[0]/CK (DQV2_140P7T30R)     0.00 #     0.00 r
  u_tile/gen_row[11].gen_col[7].u_pe/act0_east_reg[0]/Q (DQV2_140P7T30R)     0.06     0.06 f
  u_tile/U16914/ZN (INV6_140P7T30R)                       0.02       0.08 r
  u_tile/U155714/ZN (NAND2V3_140P7T30R)                   0.02       0.09 f
  u_tile/U7407/ZN (INV4_140P7T30R)                        0.01       0.10 r
  u_tile/U1868/ZN (NAND2V2_140P7T30R)                     0.01       0.12 f
  u_tile/U155725/Z (XOR2V2_140P7T30R)                     0.03       0.15 f
  u_tile/U13719/ZN (NAND2V2_140P7T30R)                    0.01       0.16 r
  u_tile/U52758/Z (OA12V2_140P7T30R)                      0.05       0.21 r
  u_tile/U73063/ZN (NOR2V2_140P7T30R)                     0.02       0.23 f
  u_tile/U155802/S (AD1V4_140P7T30R)                      0.07       0.30 r
  u_tile/U1362/Z (OR2V2_140P7T30R)                        0.02       0.32 r
  u_tile/U1343/ZN (NAND2V2_140P7T30R)                     0.01       0.33 f
  u_tile/U155880/ZN (XNOR2V2_140P7T30R)                   0.03       0.37 f
  u_tile/U61689/ZN (INV4_140P7T30R)                       0.01       0.38 r
  u_tile/U156184/S (ADH1V4_140P7T30R)                     0.04       0.42 f
  u_tile/U6276/ZN (CLKNAND2V4_140P7T30R)                  0.01       0.43 r
  u_tile/U61688/Z (AO1B2V2_140P7T30R)                     0.02       0.45 f
  u_tile/U156225/CO (AD1V4_140P7T30R)                     0.04       0.49 f
  u_tile/U156226/CO (AD1V4_140P7T30R)                     0.05       0.54 f
  u_tile/U156210/CO (AD1V4_140P7T30R)                     0.05       0.58 f
  u_tile/U156205/CO (AD1V4_140P7T30R)                     0.05       0.63 f
  u_tile/U156201/S (AD1V4_140P7T30R)                      0.07       0.69 r
  u_tile/U156204/ZN (NOR2V2_140P7T30R)                    0.01       0.71 f
  u_tile/U696/Z (OA12V2_140P7T30R)                        0.04       0.74 f
  u_tile/U41197/ZN (OAI12V2_140P7T30R)                    0.03       0.77 r
  u_tile/U2606/ZN (INV4_140P7T30R)                        0.01       0.78 f
  u_tile/U5446/ZN (OAI12V4_140P7T30R)                     0.02       0.80 r
  u_tile/U16786/ZN (NAND2V3_140P7T30R)                    0.01       0.81 f
  u_tile/U5288/ZN (NAND2XBV4_140P7T30R)                   0.01       0.83 r
  u_tile/U16785/ZN (AOI12V4_140P7T30R)                    0.02       0.84 f
  u_tile/U2571/Z (OA12V8_140P7T30R)                       0.03       0.87 f
  u_tile/U28449/ZN (OAI12V12_140P7T30R)                   0.03       0.90 r
  u_tile/U253391/ZN (AOI12V2M_140P7T30R)                  0.02       0.92 f
  u_tile/U253392/ZN (XNOR2V2_140P7T30R)                   0.03       0.95 r
  u_tile/U253393/ZN (NAND2V3_140P7T30R)                   0.01       0.96 f
  u_tile/U2472/Z (AO1B2V4_140P7T30R)                      0.02       0.97 r
  u_tile/gen_row[11].gen_col[8].u_pe/psum_south_reg[22]/D (DQV2_140P7T30R)     0.00     0.97 r
  data arrival time                                                  0.97

  clock clk (rise edge)                                   1.00       1.00
  clock network delay (ideal)                             0.00       1.00
  u_tile/gen_row[11].gen_col[8].u_pe/psum_south_reg[22]/CK (DQV2_140P7T30R)     0.00     1.00 r
  library setup time                                     -0.03       0.97
  data required time                                                 0.97
  --------------------------------------------------------------------------
  data required time                                                 0.97
  data arrival time                                                 -0.97
  --------------------------------------------------------------------------
  slack (MET)                                                        0.00


  Startpoint: u_tile/gen_row[11].gen_col[7].u_pe/act0_east_reg[0]
              (rising edge-triggered flip-flop clocked by clk)
  Endpoint: u_tile/gen_row[11].gen_col[8].u_pe/psum_south_reg[23]
            (rising edge-triggered flip-flop clocked by clk)
  Path Group: clk
  Path Type: max

  Point                                                   Incr       Path
  --------------------------------------------------------------------------
  clock clk (rise edge)                                   0.00       0.00
  clock network delay (ideal)                             0.00       0.00
  u_tile/gen_row[11].gen_col[7].u_pe/act0_east_reg[0]/CK (DQV2_140P7T30R)     0.00 #     0.00 r
  u_tile/gen_row[11].gen_col[7].u_pe/act0_east_reg[0]/Q (DQV2_140P7T30R)     0.06     0.06 f
  u_tile/U16914/ZN (INV6_140P7T30R)                       0.02       0.08 r
  u_tile/U155714/ZN (NAND2V3_140P7T30R)                   0.02       0.09 f
  u_tile/U7407/ZN (INV4_140P7T30R)                        0.01       0.10 r
  u_tile/U1868/ZN (NAND2V2_140P7T30R)                     0.01       0.12 f
  u_tile/U155725/Z (XOR2V2_140P7T30R)                     0.03       0.15 f
  u_tile/U13719/ZN (NAND2V2_140P7T30R)                    0.01       0.16 r
  u_tile/U52758/Z (OA12V2_140P7T30R)                      0.05       0.21 r
  u_tile/U73063/ZN (NOR2V2_140P7T30R)                     0.02       0.23 f
  u_tile/U155802/S (AD1V4_140P7T30R)                      0.07       0.30 r
  u_tile/U1362/Z (OR2V2_140P7T30R)                        0.02       0.32 r
  u_tile/U1343/ZN (NAND2V2_140P7T30R)                     0.01       0.33 f
  u_tile/U155880/ZN (XNOR2V2_140P7T30R)                   0.03       0.37 f
  u_tile/U61689/ZN (INV4_140P7T30R)                       0.01       0.38 r
  u_tile/U156184/S (ADH1V4_140P7T30R)                     0.04       0.42 f
  u_tile/U6276/ZN (CLKNAND2V4_140P7T30R)                  0.01       0.43 r
  u_tile/U61688/Z (AO1B2V2_140P7T30R)                     0.02       0.45 f
  u_tile/U156225/CO (AD1V4_140P7T30R)                     0.04       0.49 f
  u_tile/U156226/CO (AD1V4_140P7T30R)                     0.05       0.54 f
  u_tile/U156210/CO (AD1V4_140P7T30R)                     0.05       0.58 f
  u_tile/U156205/CO (AD1V4_140P7T30R)                     0.05       0.63 f
  u_tile/U156201/S (AD1V4_140P7T30R)                      0.07       0.69 r
  u_tile/U156204/ZN (NOR2V2_140P7T30R)                    0.01       0.71 f
  u_tile/U696/Z (OA12V2_140P7T30R)                        0.04       0.74 f
  u_tile/U41197/ZN (OAI12V2_140P7T30R)                    0.03       0.77 r
  u_tile/U2606/ZN (INV4_140P7T30R)                        0.01       0.78 f
  u_tile/U5446/ZN (OAI12V4_140P7T30R)                     0.02       0.80 r
  u_tile/U16786/ZN (NAND2V3_140P7T30R)                    0.01       0.81 f
  u_tile/U5288/ZN (NAND2XBV4_140P7T30R)                   0.01       0.83 r
  u_tile/U16785/ZN (AOI12V4_140P7T30R)                    0.02       0.84 f
  u_tile/U2571/Z (OA12V8_140P7T30R)                       0.03       0.87 f
  u_tile/U28449/ZN (OAI12V12_140P7T30R)                   0.03       0.90 r
  u_tile/U253381/ZN (AOI12V2M_140P7T30R)                  0.02       0.92 f
  u_tile/U253382/ZN (XNOR2V2_140P7T30R)                   0.03       0.95 r
  u_tile/U253383/ZN (NAND2V3_140P7T30R)                   0.01       0.96 f
  u_tile/U2471/Z (AO1B2V4_140P7T30R)                      0.02       0.97 r
  u_tile/gen_row[11].gen_col[8].u_pe/psum_south_reg[23]/D (DQV2_140P7T30R)     0.00     0.97 r
  data arrival time                                                  0.97

  clock clk (rise edge)                                   1.00       1.00
  clock network delay (ideal)                             0.00       1.00
  u_tile/gen_row[11].gen_col[8].u_pe/psum_south_reg[23]/CK (DQV2_140P7T30R)     0.00     1.00 r
  library setup time                                     -0.03       0.97
  data required time                                                 0.97
  --------------------------------------------------------------------------
  data required time                                                 0.97
  data arrival time                                                 -0.97
  --------------------------------------------------------------------------
  slack (MET)                                                        0.00


  Startpoint: u_tile/gen_row[11].gen_col[7].u_pe/act0_east_reg[0]
              (rising edge-triggered flip-flop clocked by clk)
  Endpoint: u_tile/gen_row[11].gen_col[8].u_pe/psum_south_reg[25]
            (rising edge-triggered flip-flop clocked by clk)
  Path Group: clk
  Path Type: max

  Point                                                   Incr       Path
  --------------------------------------------------------------------------
  clock clk (rise edge)                                   0.00       0.00
  clock network delay (ideal)                             0.00       0.00
  u_tile/gen_row[11].gen_col[7].u_pe/act0_east_reg[0]/CK (DQV2_140P7T30R)     0.00 #     0.00 r
  u_tile/gen_row[11].gen_col[7].u_pe/act0_east_reg[0]/Q (DQV2_140P7T30R)     0.06     0.06 f
  u_tile/U16914/ZN (INV6_140P7T30R)                       0.02       0.08 r
  u_tile/U155714/ZN (NAND2V3_140P7T30R)                   0.02       0.09 f
  u_tile/U7407/ZN (INV4_140P7T30R)                        0.01       0.10 r
  u_tile/U1868/ZN (NAND2V2_140P7T30R)                     0.01       0.12 f
  u_tile/U155725/Z (XOR2V2_140P7T30R)                     0.03       0.15 f
  u_tile/U13719/ZN (NAND2V2_140P7T30R)                    0.01       0.16 r
  u_tile/U52758/Z (OA12V2_140P7T30R)                      0.05       0.21 r
  u_tile/U73063/ZN (NOR2V2_140P7T30R)                     0.02       0.23 f
  u_tile/U155802/S (AD1V4_140P7T30R)                      0.07       0.30 r
  u_tile/U1362/Z (OR2V2_140P7T30R)                        0.02       0.32 r
  u_tile/U1343/ZN (NAND2V2_140P7T30R)                     0.01       0.33 f
  u_tile/U155880/ZN (XNOR2V2_140P7T30R)                   0.03       0.37 f
  u_tile/U61689/ZN (INV4_140P7T30R)                       0.01       0.38 r
  u_tile/U156184/S (ADH1V4_140P7T30R)                     0.04       0.42 f
  u_tile/U6276/ZN (CLKNAND2V4_140P7T30R)                  0.01       0.43 r
  u_tile/U61688/Z (AO1B2V2_140P7T30R)                     0.02       0.45 f
  u_tile/U156225/CO (AD1V4_140P7T30R)                     0.04       0.49 f
  u_tile/U156226/CO (AD1V4_140P7T30R)                     0.05       0.54 f
  u_tile/U156210/CO (AD1V4_140P7T30R)                     0.05       0.58 f
  u_tile/U156205/CO (AD1V4_140P7T30R)                     0.05       0.63 f
  u_tile/U156201/S (AD1V4_140P7T30R)                      0.07       0.69 r
  u_tile/U156204/ZN (NOR2V2_140P7T30R)                    0.01       0.71 f
  u_tile/U696/Z (OA12V2_140P7T30R)                        0.04       0.74 f
  u_tile/U41197/ZN (OAI12V2_140P7T30R)                    0.03       0.77 r
  u_tile/U2606/ZN (INV4_140P7T30R)                        0.01       0.78 f
  u_tile/U5446/ZN (OAI12V4_140P7T30R)                     0.02       0.80 r
  u_tile/U16786/ZN (NAND2V3_140P7T30R)                    0.01       0.81 f
  u_tile/U5288/ZN (NAND2XBV4_140P7T30R)                   0.01       0.83 r
  u_tile/U16785/ZN (AOI12V4_140P7T30R)                    0.02       0.84 f
  u_tile/U2571/Z (OA12V8_140P7T30R)                       0.03       0.87 f
  u_tile/U28449/ZN (OAI12V12_140P7T30R)                   0.03       0.90 r
  u_tile/U253359/ZN (AOI12V2M_140P7T30R)                  0.02       0.92 f
  u_tile/U253360/ZN (XNOR2V2_140P7T30R)                   0.03       0.95 r
  u_tile/U253361/ZN (NAND2V3_140P7T30R)                   0.01       0.96 f
  u_tile/U2469/Z (AO1B2V4_140P7T30R)                      0.02       0.97 r
  u_tile/gen_row[11].gen_col[8].u_pe/psum_south_reg[25]/D (DQV2_140P7T30R)     0.00     0.97 r
  data arrival time                                                  0.97

  clock clk (rise edge)                                   1.00       1.00
  clock network delay (ideal)                             0.00       1.00
  u_tile/gen_row[11].gen_col[8].u_pe/psum_south_reg[25]/CK (DQV2_140P7T30R)     0.00     1.00 r
  library setup time                                     -0.03       0.97
  data required time                                                 0.97
  --------------------------------------------------------------------------
  data required time                                                 0.97
  data arrival time                                                 -0.97
  --------------------------------------------------------------------------
  slack (MET)                                                        0.00


  Startpoint: u_tile/gen_row[11].gen_col[7].u_pe/act0_east_reg[0]
              (rising edge-triggered flip-flop clocked by clk)
  Endpoint: u_tile/gen_row[11].gen_col[8].u_pe/psum_south_reg[26]
            (rising edge-triggered flip-flop clocked by clk)
  Path Group: clk
  Path Type: max

  Point                                                   Incr       Path
  --------------------------------------------------------------------------
  clock clk (rise edge)                                   0.00       0.00
  clock network delay (ideal)                             0.00       0.00
  u_tile/gen_row[11].gen_col[7].u_pe/act0_east_reg[0]/CK (DQV2_140P7T30R)     0.00 #     0.00 r
  u_tile/gen_row[11].gen_col[7].u_pe/act0_east_reg[0]/Q (DQV2_140P7T30R)     0.06     0.06 f
  u_tile/U16914/ZN (INV6_140P7T30R)                       0.02       0.08 r
  u_tile/U155714/ZN (NAND2V3_140P7T30R)                   0.02       0.09 f
  u_tile/U7407/ZN (INV4_140P7T30R)                        0.01       0.10 r
  u_tile/U1868/ZN (NAND2V2_140P7T30R)                     0.01       0.12 f
  u_tile/U155725/Z (XOR2V2_140P7T30R)                     0.03       0.15 f
  u_tile/U13719/ZN (NAND2V2_140P7T30R)                    0.01       0.16 r
  u_tile/U52758/Z (OA12V2_140P7T30R)                      0.05       0.21 r
  u_tile/U73063/ZN (NOR2V2_140P7T30R)                     0.02       0.23 f
  u_tile/U155802/S (AD1V4_140P7T30R)                      0.07       0.30 r
  u_tile/U1362/Z (OR2V2_140P7T30R)                        0.02       0.32 r
  u_tile/U1343/ZN (NAND2V2_140P7T30R)                     0.01       0.33 f
  u_tile/U155880/ZN (XNOR2V2_140P7T30R)                   0.03       0.37 f
  u_tile/U61689/ZN (INV4_140P7T30R)                       0.01       0.38 r
  u_tile/U156184/S (ADH1V4_140P7T30R)                     0.04       0.42 f
  u_tile/U6276/ZN (CLKNAND2V4_140P7T30R)                  0.01       0.43 r
  u_tile/U61688/Z (AO1B2V2_140P7T30R)                     0.02       0.45 f
  u_tile/U156225/CO (AD1V4_140P7T30R)                     0.04       0.49 f
  u_tile/U156226/CO (AD1V4_140P7T30R)                     0.05       0.54 f
  u_tile/U156210/CO (AD1V4_140P7T30R)                     0.05       0.58 f
  u_tile/U156205/CO (AD1V4_140P7T30R)                     0.05       0.63 f
  u_tile/U156201/S (AD1V4_140P7T30R)                      0.07       0.69 r
  u_tile/U156204/ZN (NOR2V2_140P7T30R)                    0.01       0.71 f
  u_tile/U696/Z (OA12V2_140P7T30R)                        0.04       0.74 f
  u_tile/U41197/ZN (OAI12V2_140P7T30R)                    0.03       0.77 r
  u_tile/U2606/ZN (INV4_140P7T30R)                        0.01       0.78 f
  u_tile/U5446/ZN (OAI12V4_140P7T30R)                     0.02       0.80 r
  u_tile/U16786/ZN (NAND2V3_140P7T30R)                    0.01       0.81 f
  u_tile/U5288/ZN (NAND2XBV4_140P7T30R)                   0.01       0.83 r
  u_tile/U16785/ZN (AOI12V4_140P7T30R)                    0.02       0.84 f
  u_tile/U2571/Z (OA12V8_140P7T30R)                       0.03       0.87 f
  u_tile/U28449/ZN (OAI12V12_140P7T30R)                   0.03       0.90 r
  u_tile/U253353/ZN (AOI12V2M_140P7T30R)                  0.02       0.92 f
  u_tile/U253354/ZN (XNOR2V2_140P7T30R)                   0.03       0.95 r
  u_tile/U253355/ZN (NAND2V3_140P7T30R)                   0.01       0.96 f
  u_tile/U2468/Z (AO1B2V4_140P7T30R)                      0.02       0.97 r
  u_tile/gen_row[11].gen_col[8].u_pe/psum_south_reg[26]/D (DQV2_140P7T30R)     0.00     0.97 r
  data arrival time                                                  0.97

  clock clk (rise edge)                                   1.00       1.00
  clock network delay (ideal)                             0.00       1.00
  u_tile/gen_row[11].gen_col[8].u_pe/psum_south_reg[26]/CK (DQV2_140P7T30R)     0.00     1.00 r
  library setup time                                     -0.03       0.97
  data required time                                                 0.97
  --------------------------------------------------------------------------
  data required time                                                 0.97
  data arrival time                                                 -0.97
  --------------------------------------------------------------------------
  slack (MET)                                                        0.00


  Startpoint: u_tile/gen_row[11].gen_col[7].u_pe/act0_east_reg[0]
              (rising edge-triggered flip-flop clocked by clk)
  Endpoint: u_tile/gen_row[11].gen_col[8].u_pe/psum_south_reg[24]
            (rising edge-triggered flip-flop clocked by clk)
  Path Group: clk
  Path Type: max

  Point                                                   Incr       Path
  --------------------------------------------------------------------------
  clock clk (rise edge)                                   0.00       0.00
  clock network delay (ideal)                             0.00       0.00
  u_tile/gen_row[11].gen_col[7].u_pe/act0_east_reg[0]/CK (DQV2_140P7T30R)     0.00 #     0.00 r
  u_tile/gen_row[11].gen_col[7].u_pe/act0_east_reg[0]/Q (DQV2_140P7T30R)     0.06     0.06 f
  u_tile/U16914/ZN (INV6_140P7T30R)                       0.02       0.08 r
  u_tile/U155714/ZN (NAND2V3_140P7T30R)                   0.02       0.09 f
  u_tile/U7407/ZN (INV4_140P7T30R)                        0.01       0.10 r
  u_tile/U1868/ZN (NAND2V2_140P7T30R)                     0.01       0.12 f
  u_tile/U155725/Z (XOR2V2_140P7T30R)                     0.03       0.15 f
  u_tile/U13719/ZN (NAND2V2_140P7T30R)                    0.01       0.16 r
  u_tile/U52758/Z (OA12V2_140P7T30R)                      0.05       0.21 r
  u_tile/U73063/ZN (NOR2V2_140P7T30R)                     0.02       0.23 f
  u_tile/U155802/S (AD1V4_140P7T30R)                      0.07       0.30 r
  u_tile/U1362/Z (OR2V2_140P7T30R)                        0.02       0.32 r
  u_tile/U1343/ZN (NAND2V2_140P7T30R)                     0.01       0.33 f
  u_tile/U155880/ZN (XNOR2V2_140P7T30R)                   0.03       0.37 f
  u_tile/U61689/ZN (INV4_140P7T30R)                       0.01       0.38 r
  u_tile/U156184/S (ADH1V4_140P7T30R)                     0.04       0.42 f
  u_tile/U6276/ZN (CLKNAND2V4_140P7T30R)                  0.01       0.43 r
  u_tile/U61688/Z (AO1B2V2_140P7T30R)                     0.02       0.45 f
  u_tile/U156225/CO (AD1V4_140P7T30R)                     0.04       0.49 f
  u_tile/U156226/CO (AD1V4_140P7T30R)                     0.05       0.54 f
  u_tile/U156210/CO (AD1V4_140P7T30R)                     0.05       0.58 f
  u_tile/U156205/CO (AD1V4_140P7T30R)                     0.05       0.63 f
  u_tile/U156201/S (AD1V4_140P7T30R)                      0.07       0.69 r
  u_tile/U156204/ZN (NOR2V2_140P7T30R)                    0.01       0.71 f
  u_tile/U696/Z (OA12V2_140P7T30R)                        0.04       0.74 f
  u_tile/U41197/ZN (OAI12V2_140P7T30R)                    0.03       0.77 r
  u_tile/U2606/ZN (INV4_140P7T30R)                        0.01       0.78 f
  u_tile/U5446/ZN (OAI12V4_140P7T30R)                     0.02       0.80 r
  u_tile/U16786/ZN (NAND2V3_140P7T30R)                    0.01       0.81 f
  u_tile/U5288/ZN (NAND2XBV4_140P7T30R)                   0.01       0.83 r
  u_tile/U16785/ZN (AOI12V4_140P7T30R)                    0.02       0.84 f
  u_tile/U2571/Z (OA12V8_140P7T30R)                       0.03       0.87 f
  u_tile/U28449/ZN (OAI12V12_140P7T30R)                   0.03       0.90 r
  u_tile/U253372/ZN (AOI12V2M_140P7T30R)                  0.02       0.92 f
  u_tile/U253373/ZN (XNOR2V2_140P7T30R)                   0.03       0.95 r
  u_tile/U253374/ZN (NAND2V3_140P7T30R)                   0.01       0.96 f
  u_tile/U2470/Z (AO1B2V4_140P7T30R)                      0.02       0.97 r
  u_tile/gen_row[11].gen_col[8].u_pe/psum_south_reg[24]/D (DQV2_140P7T30R)     0.00     0.97 r
  data arrival time                                                  0.97

  clock clk (rise edge)                                   1.00       1.00
  clock network delay (ideal)                             0.00       1.00
  u_tile/gen_row[11].gen_col[8].u_pe/psum_south_reg[24]/CK (DQV2_140P7T30R)     0.00     1.00 r
  library setup time                                     -0.03       0.97
  data required time                                                 0.97
  --------------------------------------------------------------------------
  data required time                                                 0.97
  data arrival time                                                 -0.97
  --------------------------------------------------------------------------
  slack (MET)                                                        0.00



****************************************
Report : area
Design : matrix_int8_pe_tile_probe
Version: O-2018.06-SP1
Date   : Tue Aug 18 23:09:20 2026
****************************************

Library(s) Used:

    scc28nhkcp_hdc30p140_rvt_ssg_v0p81_125c_basic (File: /home/lzl/project/newlpu/asic/dc/db/scc28nhkcp_hdc30p140_rvt_ssg_v0p81_125c_basic.db)

Number of ports:                         3254
Number of nets:                        324949
Number of cells:                       296749
Number of combinational cells:         279283
Number of sequential cells:             17465
Number of macros/black boxes:               0
Number of buf/inv:                      44369
Number of references:                       4

Combinational area:             129185.362930
Buf/Inv area:                     8986.697784
Noncombinational area:           30925.566933
Macro/Black Box area:                0.000000
Net Interconnect area:      undefined  (No wire load specified)

Total cell area:                160110.929863
Total area:                 undefined

Hierarchical area distribution
------------------------------

                                  Global cell area              Local cell area
                                  --------------------  -------------------------------
Hierarchical cell                 Absolute     Percent  Combi-       Noncombi-   Black-
                                  Total        Total    national     national    boxes   Design
--------------------------------  -----------  -------  -----------  ----------  ------  -------------------
matrix_int8_pe_tile_probe         160110.9299    100.0     323.4000   1456.2800  0.0000  matrix_int8_pe_tile_probe
u_tile                            158331.2498     98.9  128861.9629  29469.2869  0.0000  matrix_int8_pe_tile
--------------------------------  -----------  -------  -----------  ----------  ------  -------------------
Total                                                   129185.3629  30925.5669  0.0000


****************************************
Report : power
        -analysis_effort low
Design : matrix_int8_pe_tile_probe
Version: O-2018.06-SP1
Date   : Tue Aug 18 23:09:22 2026
****************************************


Library(s) Used:

    scc28nhkcp_hdc30p140_rvt_ssg_v0p81_125c_basic (File: /home/lzl/project/newlpu/asic/dc/db/scc28nhkcp_hdc30p140_rvt_ssg_v0p81_125c_basic.db)


Operating Conditions: ssg_v0p81_125c   Library: scc28nhkcp_hdc30p140_rvt_ssg_v0p81_125c_basic
Wire Load Model Mode: top


Global Operating Voltage = 0.81
Power-specific unit information :
    Voltage Units = 1V
    Capacitance Units = 1.000000pf
    Time Units = 1ns
    Dynamic Power Units = 1mW    (derived from V,C,T units)
    Leakage Power Units = 1uW


  Cell Internal Power  =  52.7727 mW   (97%)
  Net Switching Power  =   1.6300 mW    (3%)
                         ---------
Total Dynamic Power    =  54.4027 mW  (100%)

Cell Leakage Power     =  13.2884 mW


                 Internal         Switching           Leakage            Total
Power Group      Power            Power               Power              Power   (   %    )  Attrs
--------------------------------------------------------------------------------------------------
io_pad             0.0000            0.0000            0.0000            0.0000  (   0.00%)
memory             0.0000            0.0000            0.0000            0.0000  (   0.00%)
black_box          0.0000            0.0000            0.0000            0.0000  (   0.00%)
clock_network      0.0000            0.0000            0.0000            0.0000  (   0.00%)
register          51.7631            0.2128        2.4610e+03           54.4365  (  80.42%)
sequential         0.0000            0.0000            0.0000            0.0000  (   0.00%)
combinational      1.0096            1.4173        1.0827e+04           13.2542  (  19.58%)
--------------------------------------------------------------------------------------------------
Total             52.7727 mW         1.6301 mW     1.3288e+04 uW        67.6907 mW

****************************************
Report : reference
Design : matrix_int8_pe_tile_probe
Version: O-2018.06-SP1
Date   : Tue Aug 18 23:09:24 2026
****************************************

Attributes:
    b - black box (unknown)
   bo - allows boundary optimization
    d - dont_touch
   mo - map_only
    h - hierarchical
    n - noncombinational
    r - removable
    s - synthetic operator
    u - contains unmapped logic

Reference          Library       Unit Area   Count    Total Area   Attributes
-----------------------------------------------------------------------------
AND2V2_140P7T30R   scc28nhkcp_hdc30p140_rvt_ssg_v0p81_125c_basic
                                  0.392000     825    323.399992
DQV2_140P7T30R     scc28nhkcp_hdc30p140_rvt_ssg_v0p81_125c_basic
                                  1.764000     815   1437.660047  n
DQV4_140P7T30R     scc28nhkcp_hdc30p140_rvt_ssg_v0p81_125c_basic
                                  1.862000      10     18.620000  n
matrix_int8_pe_tile           158331.249824
                                                 1  158331.249824 h, n
-----------------------------------------------------------------------------
Total 4 references                                  160110.929863
1
